../Core/Src/main.c:913:6:StartInferenceTask	8	static
../Core/Src/main.c:933:6:StartUiTask	8	static
../Core/Src/main.c:113:6:HardFault_HandlerC	32	static,ignoring_inline_asm
../Core/Src/main.c:159:6:SDRAM_Init	32	static
../Core/Src/main.c:379:6:SystemClock_Config	136	static,ignoring_inline_asm
../Core/Src/main.c:442:6:PeriphCommonClock_Config	200	static,ignoring_inline_asm
../Core/Src/main.c:202:5:main	232	static,ignoring_inline_asm
../Core/Src/main.c:1009:6:HAL_TIM_PeriodElapsedCallback	0	static
../Core/Src/main.c:1026:6:Error_Handler	0	static,ignoring_inline_asm
