../Core/Src/main.c:857:6:StartInferenceTask	8	static
../Core/Src/main.c:877:6:StartUiTask	8	static
../Core/Src/main.c:110:6:HardFault_HandlerC	32	static,ignoring_inline_asm
../Core/Src/main.c:129:6:SDRAM_Init	32	static
../Core/Src/main.c:323:6:SystemClock_Config	136	static,ignoring_inline_asm
../Core/Src/main.c:386:6:PeriphCommonClock_Config	200	static,ignoring_inline_asm
../Core/Src/main.c:167:5:main	248	static,ignoring_inline_asm
../Core/Src/main.c:950:6:HAL_TIM_PeriodElapsedCallback	0	static
../Core/Src/main.c:967:6:Error_Handler	0	static,ignoring_inline_asm
