Archive member included to satisfy reference by file (symbol)

../Middlewares/ST/AI/Lib\NetworkRuntime900_CM7_GCC.a(ai_platform.o)
                              ./X-CUBE-AI/App/strokes.o (ai_buffer_array_item_set_address)
../Middlewares/ST/AI/Lib\NetworkRuntime900_CM7_GCC.a(ai_platform_interface.o)
                              ./X-CUBE-AI/App/strokes.o (ai_platform_get_weights_map)
../Middlewares/ST/AI/Lib\NetworkRuntime900_CM7_GCC.a(core_common.o)
                              ../Middlewares/ST/AI/Lib\NetworkRuntime900_CM7_GCC.a(ai_platform_interface.o) (core_init)
../Middlewares/ST/AI/Lib\NetworkRuntime900_CM7_GCC.a(core_mem_manager.o)
                              ../Middlewares/ST/AI/Lib\NetworkRuntime900_CM7_GCC.a(ai_platform_interface.o) (core_mem_alloc)
../Middlewares/ST/AI/Lib\NetworkRuntime900_CM7_GCC.a(layers.o)
                              ../Middlewares/ST/AI/Lib\NetworkRuntime900_CM7_GCC.a(ai_platform_interface.o) (ai_check_custom_types)
../Middlewares/ST/AI/Lib\NetworkRuntime900_CM7_GCC.a(layers_conv2d_generic_float.o)
                              ./X-CUBE-AI/App/strokes.o (forward_conv2d_if32of32wf32)
../Middlewares/ST/AI/Lib\NetworkRuntime900_CM7_GCC.a(layers_nl_generic_float.o)
                              ./X-CUBE-AI/App/strokes.o (forward_relu)
../Middlewares/ST/AI/Lib\NetworkRuntime900_CM7_GCC.a(layers_pool_generic_float.o)
                              ./X-CUBE-AI/App/strokes.o (forward_mp)
../Middlewares/ST/AI/Lib\NetworkRuntime900_CM7_GCC.a(layers_conv2d_integer_scratch.o)
                              ../Middlewares/ST/AI/Lib\NetworkRuntime900_CM7_GCC.a(layers.o) (get_conv2d_scratch_size)
../Middlewares/ST/AI/Lib\NetworkRuntime900_CM7_GCC.a(forward_lite_conv2d_if32of32wf32.o)
                              ../Middlewares/ST/AI/Lib\NetworkRuntime900_CM7_GCC.a(layers_conv2d_generic_float.o) (forward_lite_conv2d_if32of32wf32)
../Middlewares/ST/AI/Lib\NetworkRuntime900_CM7_GCC.a(lite_nl_softmax_if32of32.o)
                              ../Middlewares/ST/AI/Lib\NetworkRuntime900_CM7_GCC.a(layers_nl_generic_float.o) (forward_lite_nl_softmax_if32of32_kernel)
../Middlewares/ST/AI/Lib\NetworkRuntime900_CM7_GCC.a(lite_nl_relu_if32of32.o)
                              ../Middlewares/ST/AI/Lib\NetworkRuntime900_CM7_GCC.a(layers_nl_generic_float.o) (forward_lite_nl_prelu_if32of32_kernel)
../Middlewares/ST/AI/Lib\NetworkRuntime900_CM7_GCC.a(lite_dense_if32.o)
                              ../Middlewares/ST/AI/Lib\NetworkRuntime900_CM7_GCC.a(layers_conv2d_generic_float.o) (forward_lite_dense_if32of32wf32)
../Middlewares/ST/AI/Lib\NetworkRuntime900_CM7_GCC.a(st_int8_fill.o)
                              ../Middlewares/ST/AI/Lib\NetworkRuntime900_CM7_GCC.a(layers_nl_generic_float.o) (st_int8_fill)
../Middlewares/ST/AI/Lib\NetworkRuntime900_CM7_GCC.a(ai_math_helpers.o)
                              ../Middlewares/ST/AI/Lib\NetworkRuntime900_CM7_GCC.a(layers_nl_generic_float.o) (ai_math_sqrt)
../Middlewares/ST/AI/Lib\NetworkRuntime900_CM7_GCC.a(ai_datatypes_format.o)
                              ../Middlewares/ST/AI/Lib\NetworkRuntime900_CM7_GCC.a(ai_platform_interface.o) (ai_array_to_buffer_fmt)
../Middlewares/ST/AI/Lib\NetworkRuntime900_CM7_GCC.a(ai_datatypes_internal.o)
                              ../Middlewares/ST/AI/Lib\NetworkRuntime900_CM7_GCC.a(ai_platform_interface.o) (ai_version_get)
../Middlewares/ST/AI/Lib\NetworkRuntime900_CM7_GCC.a(ai_math_elementwise_mul_int8.o)
                              ../Middlewares/ST/AI/Lib\NetworkRuntime900_CM7_GCC.a(ai_math_helpers.o) (ai_math_elementwise_mul_int8)
../Middlewares/ST/AI/Lib\NetworkRuntime900_CM7_GCC.a(ai_math_elementwise_sum_int8.o)
                              ../Middlewares/ST/AI/Lib\NetworkRuntime900_CM7_GCC.a(ai_math_helpers.o) (ai_math_elementwise_sum_int8)
../Middlewares/ST/AI/Lib\NetworkRuntime900_CM7_GCC.a(st_align_factor.o)
                              ../Middlewares/ST/AI/Lib\NetworkRuntime900_CM7_GCC.a(ai_math_helpers.o) (align_factor)
C:/ST/STM32CubeIDE_1.16.1/STM32CubeIDE/plugins/com.st.stm32cube.ide.mcu.externaltools.gnu-tools-for-stm32.12.3.rel1.win32_1.0.200.202406191623/tools/bin/../lib/gcc/arm-none-eabi/12.3.1/../../../../arm-none-eabi/lib/thumb/v7e-m+dp/hard\libc_nano.a(libc_a-exit.o)
                              C:/ST/STM32CubeIDE_1.16.1/STM32CubeIDE/plugins/com.st.stm32cube.ide.mcu.externaltools.gnu-tools-for-stm32.12.3.rel1.win32_1.0.200.202406191623/tools/bin/../lib/gcc/arm-none-eabi/12.3.1/../../../../arm-none-eabi/lib/thumb/v7e-m+dp/hard/crt0.o (exit)
C:/ST/STM32CubeIDE_1.16.1/STM32CubeIDE/plugins/com.st.stm32cube.ide.mcu.externaltools.gnu-tools-for-stm32.12.3.rel1.win32_1.0.200.202406191623/tools/bin/../lib/gcc/arm-none-eabi/12.3.1/../../../../arm-none-eabi/lib/thumb/v7e-m+dp/hard\libc_nano.a(libc_a-malloc.o)
                              ../Middlewares/ST/AI/Lib\NetworkRuntime900_CM7_GCC.a(core_mem_manager.o) (malloc)
[...]
Memory Configuration

Name             Origin             Length             Attributes
FLASH            0x08000000         0x00020000         xr
DTCMRAM          0x20000000         0x00020000         xrw
RAM_D1           0x24000000         0x00080000         xrw
RAM_D2           0x30000000         0x00048000         xrw
RAM_D3           0x38000000         0x00010000         xrw
ITCMRAM          0x00000000         0x00010000         xrw
QSPI             0x90000000         0x08000000         xr
SDRAM            0xd0000000         0x02000000         xrw
*default*        0x00000000         0xffffffff

Linker script and memory map

LOAD C:/ST/STM32CubeIDE_1.16.1/STM32CubeIDE/plugins/com.st.stm32cube.ide.mcu.externaltools.gnu-tools-for-stm32.12.3.rel1.win32_1.0.200.202406191623/tools/bin/../lib/gcc/arm-none-eabi/12.3.1/thumb/v7e-m+dp/hard/crti.o
LOAD C:/ST/STM32CubeIDE_1.16.1/STM32CubeIDE/plugins/com.st.stm32cube.ide.mcu.externaltools.gnu-tools-for-stm32.12.3.rel1.win32_1.0.200.202406191623/tools/bin/../lib/gcc/arm-none-eabi/12.3.1/thumb/v7e-m+dp/hard/crtbegin.o
LOAD C:/ST/STM32CubeIDE_1.16.1/STM32CubeIDE/plugins/com.st.stm32cube.ide.mcu.externaltools.gnu-tools-for-stm32.12.3.rel1.win32_1.0.200.202406191623/tools/bin/../lib/gcc/arm-none-eabi/12.3.1/../../../../arm-none-eabi/lib/thumb/v7e-m+dp/hard/crt0.o
LOAD ./Core/Src/demo.o
LOAD ./Core/Src/freertos.o
LOAD ./Core/Src/main.o
LOAD ./Core/Src/sdram.o
LOAD ./Core/Src/stm32_lcd.o
LOAD ./Core/Src/stm32h7xx_hal_msp.o
LOAD ./Core/Src/stm32h7xx_hal_timebase_tim.o
LOAD ./Core/Src/stm32h7xx_it.o
LOAD ./Core/Src/sysmem.o
LOAD ./Core/Src/system_stm32h7xx.o
LOAD ./Core/Startup/startup_stm32h750xbhx.o
LOAD ./Drivers/BSP/Components/ft5336/ft5336.o
LOAD ./Drivers/BSP/Components/ft5336/ft5336_reg.o
LOAD ./Drivers/BSP/Components/mt25tl01g/mt25tl01g.o
LOAD ./Drivers/BSP/Components/mt48lc4m32b2/mt48lc4m32b2.o
LOAD ./Drivers/BSP/STM32H750B-DK/stm32h750b_discovery.o
LOAD ./Drivers/BSP/STM32H750B-DK/stm32h750b_discovery_bus.o
LOAD ./Drivers/BSP/STM32H750B-DK/stm32h750b_discovery_lcd.o
LOAD ./Drivers/BSP/STM32H750B-DK/stm32h750b_discovery_qspi.o
LOAD ./Drivers/BSP/STM32H750B-DK/stm32h750b_discovery_sdram.o
LOAD ./Drivers/BSP/STM32H750B-DK/stm32h750b_discovery_ts.o
LOAD ./Drivers/STM32H7xx_HAL_Driver/Src/stm32h7xx_hal.o
LOAD ./Drivers/STM32H7xx_HAL_Driver/Src/stm32h7xx_hal_adc.o
LOAD ./Drivers/STM32H7xx_HAL_Driver/Src/stm32h7xx_hal_adc_ex.o
LOAD ./Drivers/STM32H7xx_HAL_Driver/Src/stm32h7xx_hal_cortex.o
LOAD ./Drivers/STM32H7xx_HAL_Driver/Src/stm32h7xx_hal_dma.o
LOAD ./Drivers/STM32H7xx_HAL_Driver/Src/stm32h7xx_hal_dma2d.o
LOAD ./Drivers/STM32H7xx_HAL_Driver/Src/stm32h7xx_hal_dma_ex.o
LOAD ./Drivers/STM32H7xx_HAL_Driver/Src/stm32h7xx_hal_dsi.o
LOAD ./Drivers/STM32H7xx_HAL_Driver/Src/stm32h7xx_hal_exti.o
LOAD ./Drivers/STM32H7xx_HAL_Driver/Src/stm32h7xx_hal_flash.o
LOAD ./Drivers/STM32H7xx_HAL_Driver/Src/stm32h7xx_hal_flash_ex.o
LOAD ./Drivers/STM32H7xx_HAL_Driver/Src/stm32h7xx_hal_gpio.o
LOAD ./Drivers/STM32H7xx_HAL_Driver/Src/stm32h7xx_hal_hsem.o
LOAD ./Drivers/STM32H7xx_HAL_Driver/Src/stm32h7xx_hal_i2c.o
LOAD ./Drivers/STM32H7xx_HAL_Driver/Src/stm32h7xx_hal_i2c_ex.o
LOAD ./Drivers/STM32H7xx_HAL_Driver/Src/stm32h7xx_hal_ltdc.o
LOAD ./Drivers/STM32H7xx_HAL_Driver/Src/stm32h7xx_hal_ltdc_ex.o
LOAD ./Drivers/STM32H7xx_HAL_Driver/Src/stm32h7xx_hal_mdma.o
LOAD ./Drivers/STM32H7xx_HAL_Driver/Src/stm32h7xx_hal_pwr.o
LOAD ./Drivers/STM32H7xx_HAL_Driver/Src/stm32h7xx_hal_pwr_ex.o
LOAD ./Drivers/STM32H7xx_HAL_Driver/Src/stm32h7xx_hal_qspi.o
LOAD ./Drivers/STM32H7xx_HAL_Driver/Src/stm32h7xx_hal_rcc.o
LOAD ./Drivers/STM32H7xx_HAL_Driver/Src/stm32h7xx_hal_rcc_ex.o
LOAD ./Drivers/STM32H7xx_HAL_Driver/Src/stm32h7xx_hal_sdram.o
LOAD ./Drivers/STM32H7xx_HAL_Driver/Src/stm32h7xx_hal_tim.o
LOAD ./Drivers/STM32H7xx_HAL_Driver/Src/stm32h7xx_hal_tim_ex.o
LOAD ./Drivers/STM32H7xx_HAL_Driver/Src/stm32h7xx_hal_uart.o
LOAD ./Drivers/STM32H7xx_HAL_Driver/Src/stm32h7xx_hal_uart_ex.o
LOAD ./Drivers/STM32H7xx_HAL_Driver/Src/stm32h7xx_ll_fmc.o
LOAD ./Middlewares/Third_Party/FreeRTOS/Source/CMSIS_RTOS_V2/cmsis_os2.o
LOAD ./Middlewares/Third_Party/FreeRTOS/Source/croutine.o
LOAD ./Middlewares/Third_Party/FreeRTOS/Source/event_groups.o
LOAD ./Middlewares/Third_Party/FreeRTOS/Source/list.o
LOAD ./Middlewares/Third_Party/FreeRTOS/Source/queue.o
LOAD ./Middlewares/Third_Party/FreeRTOS/Source/stream_buffer.o
LOAD ./Middlewares/Third_Party/FreeRTOS/Source/tasks.o
LOAD ./Middlewares/Third_Party/FreeRTOS/Source/timers.o
LOAD ./Middlewares/Third_Party/FreeRTOS/Source/portable/GCC/ARM_CM4F/port.o
LOAD ./Middlewares/Third_Party/FreeRTOS/Source/portable/MemMang/heap_4.o
LOAD ./X-CUBE-AI/App/app_x-cube-ai.o
LOAD ./X-CUBE-AI/App/strokes.o
LOAD ./X-CUBE-AI/App/strokes_data.o
LOAD ./X-CUBE-AI/App/strokes_data_params.o
LOAD ../Middlewares/ST/AI/Lib\NetworkRuntime900_CM7_GCC.a
START GROUP
LOAD C:/ST/STM32CubeIDE_1.16.1/STM32CubeIDE/plugins/com.st.stm32cube.ide.mcu.externaltools.gnu-tools-for-stm32.12.3.rel1.win32_1.0.200.202406191623/tools/bin/../lib/gcc/arm-none-eabi/12.3.1/../../../../arm-none-eabi/lib/thumb/v7e-m+dp/hard\libc_nano.a
LOAD C:/ST/STM32CubeIDE_1.16.1/STM32CubeIDE/plugins/com.st.stm32cube.ide.mcu.externaltools.gnu-tools-for-stm32.12.3.rel1.win32_1.0.200.202406191623/tools/bin/../lib/gcc/arm-none-eabi/12.3.1/../../../../arm-none-eabi/lib/thumb/v7e-m+dp/hard\libm.a
END GROUP
START GROUP
LOAD C:/ST/STM32CubeIDE_1.16.1/STM32CubeIDE/plugins/com.st.stm32cube.ide.mcu.externaltools.gnu-tools-for-stm32.12.3.rel1.win32_1.0.200.202406191623/tools/bin/../lib/gcc/arm-none-eabi/12.3.1/thumb/v7e-m+dp/hard\libgcc.a
LOAD C:/ST/STM32CubeIDE_1.16.1/STM32CubeIDE/plugins/com.st.stm32cube.ide.mcu.externaltools.gnu-tools-for-stm32.12.3.rel1.win32_1.0.200.202406191623/tools/bin/../lib/gcc/arm-none-eabi/12.3.1/../../../../arm-none-eabi/lib/thumb/v7e-m+dp/hard\libc_nano.a
END GROUP
START GROUP
LOAD C:/ST/STM32CubeIDE_1.16.1/STM32CubeIDE/plugins/com.st.stm32cube.ide.mcu.externaltools.gnu-tools-for-stm32.12.3.rel1.win32_1.0.200.202406191623/tools/bin/../lib/gcc/arm-none-eabi/12.3.1/thumb/v7e-m+dp/hard\libgcc.a
LOAD C:/ST/STM32CubeIDE_1.16.1/STM32CubeIDE/plugins/com.st.stm32cube.ide.mcu.externaltools.gnu-tools-for-stm32.12.3.rel1.win32_1.0.200.202406191623/tools/bin/../lib/gcc/arm-none-eabi/12.3.1/../../../../arm-none-eabi/lib/thumb/v7e-m+dp/hard\libc_nano.a
LOAD C:/ST/STM32CubeIDE_1.16.1/STM32CubeIDE/plugins/com.st.stm32cube.ide.mcu.externaltools.gnu-tools-for-stm32.12.3.rel1.win32_1.0.200.202406191623/tools/bin/../lib/gcc/arm-none-eabi/12.3.1/../../../../arm-none-eabi/lib/thumb/v7e-m+dp/hard\libnosys.a
END GROUP
START GROUP
LOAD C:/ST/STM32CubeIDE_1.16.1/STM32CubeIDE/plugins/com.st.stm32cube.ide.mcu.externaltools.gnu-tools-for-stm32.12.3.rel1.win32_1.0.200.202406191623/tools/bin/../lib/gcc/arm-none-eabi/12.3.1/thumb/v7e-m+dp/hard\libgcc.a
LOAD C:/ST/STM32CubeIDE_1.16.1/STM32CubeIDE/plugins/com.st.stm32cube.ide.mcu.externaltools.gnu-tools-for-stm32.12.3.rel1.win32_1.0.200.202406191623/tools/bin/../lib/gcc/arm-none-eabi/12.3.1/../../../../arm-none-eabi/lib/thumb/v7e-m+dp/hard\libc_nano.a
LOAD C:/ST/STM32CubeIDE_1.16.1/STM32CubeIDE/plugins/com.st.stm32cube.ide.mcu.externaltools.gnu-tools-for-stm32.12.3.rel1.win32_1.0.200.202406191623/tools/bin/../lib/gcc/arm-none-eabi/12.3.1/../../../../arm-none-eabi/lib/thumb/v7e-m+dp/hard\libnosys.a
END GROUP
LOAD C:/ST/STM32CubeIDE_1.16.1/STM32CubeIDE/plugins/com.st.stm32cube.ide.mcu.externaltools.gnu-tools-for-stm32.12.3.rel1.win32_1.0.200.202406191623/tools/bin/../lib/gcc/arm-none-eabi/12.3.1/thumb/v7e-m+dp/hard/crtend.o
LOAD C:/ST/STM32CubeIDE_1.16.1/STM32CubeIDE/plugins/com.st.stm32cube.ide.mcu.externaltools.gnu-tools-for-stm32.12.3.rel1.win32_1.0.200.202406191623/tools/bin/../lib/gcc/arm-none-eabi/12.3.1/thumb/v7e-m+dp/hard/crtn.o
                0x24080000                        _estack = (ORIGIN (RAM_D1) + LENGTH (RAM_D1))
                0x00000800                        _Min_Heap_Size = 0x800
                0x00000800                        _Min_Stack_Size = 0x800

.isr_vector     0x08000000      0x298
                0x08000000                        . = ALIGN (0x4)
 *(.isr_vector)
 .isr_vector    0x08000000      0x298 ./Core/Startup/startup_stm32h750xbhx.o
                0x08000000                g_pfnVectors
                0x08000298                        . = ALIGN (0x4)

.text           0x080002a0     0xef60
                0x080002a0                        . = ALIGN (0x4)
 *(.text)
 .text          0x080002a0       0x40 C:/ST/STM32CubeIDE_1.16.1/STM32CubeIDE/plugins/com.st.stm32cube.ide.mcu.externaltools.gnu-tools-for-stm32.12.3.rel1.win32_1.0.200.202406191623/tools/bin/../lib/gcc/arm-none-eabi/12.3.1/thumb/v7e-m+dp/hard/crtbegin.o
 .text          0x080002e0       0x10 C:/ST/STM32CubeIDE_1.16.1/STM32CubeIDE/plugins/com.st.stm32cube.ide.mcu.externaltools.gnu-tools-for-stm32.12.3.rel1.win32_1.0.200.202406191623/tools/bin/../lib/gcc/arm-none-eabi/12.3.1/../../../../arm-none-eabi/lib/thumb/v7e-m+dp/hard\libc_nano.a(libc_a-strlen.o)
                0x080002e0                strlen
 .text          0x080002f0       0xa0 C:/ST/STM32CubeIDE_1.16.1/STM32CubeIDE/plugins/com.st.stm32cube.ide.mcu.externaltools.gnu-tools-for-stm32.12.3.rel1.win32_1.0.200.202406191623/tools/bin/../lib/gcc/arm-none-eabi/12.3.1/../../../../arm-none-eabi/lib/thumb/v7e-m+dp/hard\libc_nano.a(libc_a-memchr.o)
                0x080002f0                memchr
 .text          0x08000390       0x30 C:/ST/STM32CubeIDE_1.16.1/STM32CubeIDE/plugins/com.st.stm32cube.ide.mcu.externaltools.gnu-tools-for-stm32.12.3.rel1.win32_1.0.200.202406191623/tools/bin/../lib/gcc/arm-none-eabi/12.3.1/thumb/v7e-m+dp/hard\libgcc.a(_aeabi_uldivmod.o)
                0x08000390                __aeabi_uldivmod
 .text          0x080003c0      0x2bc C:/ST/STM32CubeIDE_1.16.1/STM32CubeIDE/plugins/com.st.stm32cube.ide.mcu.externaltools.gnu-tools-for-stm32.12.3.rel1.win32_1.0.200.202406191623/tools/bin/../lib/gcc/arm-none-eabi/12.3.1/thumb/v7e-m+dp/hard\libgcc.a(_udivmoddi4.o)
                0x080003c0                __udivmoddi4
 .text          0x0800067c        0x4 C:/ST/STM32CubeIDE_1.16.1/STM32CubeIDE/plugins/com.st.stm32cube.ide.mcu.externaltools.gnu-tools-for-stm32.12.3.rel1.win32_1.0.200.202406191623/tools/bin/../lib/gcc/arm-none-eabi/12.3.1/thumb/v7e-m+dp/hard\libgcc.a(_dvmd_tls.o)
                0x0800067c                __aeabi_idiv0
                0x0800067c                __aeabi_ldiv0
 *(.text*)
 .text.add_raw_point
                0x08000680       0x28 ./Core/Src/demo.o
                0x08000680                add_raw_point
 .text.add_stroke_break
                0x080006a8        0xa ./Core/Src/demo.o
                0x080006a8                add_stroke_break
 *fill*         0x080006b2        0x2 
 .text.process_strokes_for_ai
                0x080006b4      0x24c ./Core/Src/demo.o
                0x080006b4                process_strokes_for_ai
 .text.canvas_clear
                0x08000900       0x3c ./Core/Src/demo.o
                0x08000900                canvas_clear
 .text.canvas_put_pixel
                0x0800093c       0x1a ./Core/Src/demo.o
                0x0800093c                canvas_put_pixel
 .text.canvas_draw_line
                0x08000956       0x78 ./Core/Src/demo.o
                0x08000956                canvas_draw_line
 *fill*         0x080009ce        0x2 
 .text.ai_init  0x080009d0       0x50 ./Core/Src/demo.o
                0x080009d0                ai_init
 .text.run_inference
                0x08000a20       0x98 ./Core/Src/demo.o
                0x08000a20                run_inference
 .text.draw_ui  0x08000ab8       0xc4 ./Core/Src/demo.o
                0x08000ab8                draw_ui
 .text.letter_demo
                0x08000b7c      0x27c ./Core/Src/demo.o
                0x08000b7c                letter_demo
 .text.StartInferenceTask
                0x08000df8        0xe ./Core/Src/main.o
                0x08000df8                StartInferenceTask
 .text.StartUiTask
                0x08000e06        0xa ./Core/Src/main.o
                0x08000e06                StartUiTask
 .text.HardFault_HandlerC
                0x08000e10       0x28 ./Core/Src/main.o
                0x08000e10                HardFault_HandlerC
 .text.SDRAM_Init
                0x08000e38       0x70 ./Core/Src/main.o
                0x08000e38                SDRAM_Init
 .text.SystemClock_Config
                0x08000ea8      0x108 ./Core/Src/main.o
                0x08000ea8                SystemClock_Config
 .text.PeriphCommonClock_Config
                0x08000fb0       0x4a ./Core/Src/main.o
                0x08000fb0                PeriphCommonClock_Config
 *fill*         0x08000ffa        0x2 
 .text.startup.main
                0x08000ffc      0x5e4 ./Core/Src/main.o
                0x08000ffc                main
 .text.HAL_TIM_PeriodElapsedCallback
                0x080015e0       0x14 ./Core/Src/main.o
                0x080015e0                HAL_TIM_PeriodElapsedCallback
 .text.Error_Handler
                0x080015f4        0x4 ./Core/Src/main.o
                0x080015f4                Error_Handler
 .text.UTIL_LCD_SetFuncDriver
                0x080015f8       0x60 ./Core/Src/stm32_lcd.o
                0x080015f8                UTIL_LCD_SetFuncDriver
 .text.UTIL_LCD_SetTextColor
                0x08001658       0x10 ./Core/Src/stm32_lcd.o
                0x08001658                UTIL_LCD_SetTextColor
 .text.UTIL_LCD_SetBackColor
                0x08001668       0x10 ./Core/Src/stm32_lcd.o
                0x08001668                UTIL_LCD_SetBackColor
 .text.UTIL_LCD_SetFont
                0x08001678       0x10 ./Core/Src/stm32_lcd.o
                0x08001678                UTIL_LCD_SetFont
 .text.UTIL_LCD_FillRGBRect
                0x08001688       0x24 ./Core/Src/stm32_lcd.o
                0x08001688                UTIL_LCD_FillRGBRect
 .text.UTIL_LCD_DrawHLine
                0x080016ac       0x40 ./Core/Src/stm32_lcd.o
                0x080016ac                UTIL_LCD_DrawHLine
 .text.UTIL_LCD_DrawVLine
                0x080016ec       0x40 ./Core/Src/stm32_lcd.o
                0x080016ec                UTIL_LCD_DrawVLine
 .text.UTIL_LCD_SetPixel
                0x0800172c       0x3c ./Core/Src/stm32_lcd.o
                0x0800172c                UTIL_LCD_SetPixel
 .text.UTIL_LCD_DisplayChar
                0x08001768      0x118 ./Core/Src/stm32_lcd.o
                0x08001768                UTIL_LCD_DisplayChar
 .text.UTIL_LCD_DisplayStringAt
                0x08001880       0x98 ./Core/Src/stm32_lcd.o
                0x08001880                UTIL_LCD_DisplayStringAt
 .text.UTIL_LCD_DrawRect
                0x08001918       0x42 ./Core/Src/stm32_lcd.o
                0x08001918                UTIL_LCD_DrawRect
 *fill*         0x0800195a        0x2 
 .text.UTIL_LCD_DrawCircle
                0x0800195c      0x118 ./Core/Src/stm32_lcd.o
                0x0800195c                UTIL_LCD_DrawCircle
 .text.UTIL_LCD_FillRect
                0x08001a74       0x48 ./Core/Src/stm32_lcd.o
                0x08001a74                UTIL_LCD_FillRect
 .text.UTIL_LCD_Clear
                0x08001abc       0x1c ./Core/Src/stm32_lcd.o
                0x08001abc                UTIL_LCD_Clear
 .text.UTIL_LCD_FillCircle
                0x08001ad8       0xce ./Core/Src/stm32_lcd.o
                0x08001ad8                UTIL_LCD_FillCircle
 *fill*         0x08001ba6        0x2 
 .text.HAL_MspInit
                0x08001ba8       0x30 ./Core/Src/stm32h7xx_hal_msp.o
                0x08001ba8                HAL_MspInit
 .text.HAL_ADC_MspInit
                0x08001bd8       0x54 ./Core/Src/stm32h7xx_hal_msp.o
                0x08001bd8                HAL_ADC_MspInit
 .text.HAL_DMA2D_MspInit
                0x08001c2c       0x48 ./Core/Src/stm32h7xx_hal_msp.o
                0x08001c2c                HAL_DMA2D_MspInit
 .text.HAL_I2C_MspInit
                0x08001c74       0xb4 ./Core/Src/stm32h7xx_hal_msp.o
                0x08001c74                HAL_I2C_MspInit
 .text.HAL_I2C_MspDeInit
                0x08001d28       0x48 ./Core/Src/stm32h7xx_hal_msp.o
                0x08001d28                HAL_I2C_MspDeInit
 .text.HAL_LTDC_MspInit
                0x08001d70      0x214 ./Core/Src/stm32h7xx_hal_msp.o
                0x08001d70                HAL_LTDC_MspInit
 .text.HAL_QSPI_MspInit
                0x08001f84      0x108 ./Core/Src/stm32h7xx_hal_msp.o
                0x08001f84                HAL_QSPI_MspInit
 .text.HAL_TIM_Base_MspInit
                0x0800208c       0x2c ./Core/Src/stm32h7xx_hal_msp.o
                0x0800208c                HAL_TIM_Base_MspInit
 .text.HAL_UART_MspInit
                0x080020b8       0xa4 ./Core/Src/stm32h7xx_hal_msp.o
                0x080020b8                HAL_UART_MspInit
 .text.HAL_SDRAM_MspInit
                0x0800215c       0xf4 ./Core/Src/stm32h7xx_hal_msp.o
                0x0800215c                HAL_SDRAM_MspInit
 .text.HAL_InitTick
                0x08002250       0x90 ./Core/Src/stm32h7xx_hal_timebase_tim.o
                0x08002250                HAL_InitTick
 .text.NMI_Handler
                0x080022e0        0x2 ./Core/Src/stm32h7xx_it.o
                0x080022e0                NMI_Handler
 .text.HardFault_Handler
                0x080022e2       0x14 ./Core/Src/stm32h7xx_it.o
                0x080022e2                HardFault_Handler
 .text.MemManage_Handler
                0x080022f6        0x2 ./Core/Src/stm32h7xx_it.o
                0x080022f6                MemManage_Handler
 .text.BusFault_Handler
                0x080022f8        0x2 ./Core/Src/stm32h7xx_it.o
                0x080022f8                BusFault_Handler
 .text.UsageFault_Handler
                0x080022fa        0x2 ./Core/Src/stm32h7xx_it.o
                0x080022fa                UsageFault_Handler
 .text.DebugMon_Handler
                0x080022fc        0x2 ./Core/Src/stm32h7xx_it.o
                0x080022fc                DebugMon_Handler
 *fill*         0x080022fe        0x2 
 .text.TIM1_UP_IRQHandler
                0x08002300        0xc ./Core/Src/stm32h7xx_it.o
                0x08002300                TIM1_UP_IRQHandler
 .text.USART3_IRQHandler
                0x0800230c        0xc ./Core/Src/stm32h7xx_it.o
                0x0800230c                USART3_IRQHandler
 .text.LTDC_IRQHandler
                0x08002318        0xc ./Core/Src/stm32h7xx_it.o
                0x08002318                LTDC_IRQHandler
 .text.LTDC_ER_IRQHandler
                0x08002324        0x4 ./Core/Src/stm32h7xx_it.o
                0x08002324                LTDC_ER_IRQHandler
 .text.DMA2D_IRQHandler
                0x08002328        0xc ./Core/Src/stm32h7xx_it.o
                0x08002328                DMA2D_IRQHandler
 .text.I2C4_EV_IRQHandler
                0x08002334        0xc ./Core/Src/stm32h7xx_it.o
                0x08002334                I2C4_EV_IRQHandler
 .text.I2C4_ER_IRQHandler
                0x08002340        0xc ./Core/Src/stm32h7xx_it.o
                0x08002340                I2C4_ER_IRQHandler
 .text._sbrk    0x0800234c       0x40 ./Core/Src/sysmem.o
                0x0800234c                _sbrk
 .text.SystemInit
                0x0800238c       0xc0 ./Core/Src/system_stm32h7xx.o
                0x0800238c                SystemInit
 .text.Reset_Handler
                0x0800244c       0x50 ./Core/Startup/startup_stm32h750xbhx.o
                0x0800244c                Reset_Handler
 .text.Default_Handler
                0x0800249c        0x2 ./Core/Startup/startup_stm32h750xbhx.o
                0x0800249c                RTC_Alarm_IRQHandler
                0x0800249c                HASH_RNG_IRQHandler
                0x0800249c                EXTI2_IRQHandler
                0x0800249c                TIM8_CC_IRQHandler
                0x0800249c                HRTIM1_Master_IRQHandler
                0x0800249c                UART8_IRQHandler
                0x0800249c                SPI4_IRQHandler
                0x0800249c                TIM1_CC_IRQHandler
                0x0800249c                BDMA_Channel6_IRQHandler
                0x0800249c                DMA2_Stream5_IRQHandler
                0x0800249c                HRTIM1_FLT_IRQHandler
                0x0800249c                JPEG_IRQHandler
                0x0800249c                DMA1_Stream5_IRQHandler
                0x0800249c                BDMA_Channel1_IRQHandler
                0x0800249c                HRTIM1_TIMD_IRQHandler
                0x0800249c                TAMP_STAMP_IRQHandler
                0x0800249c                EXTI3_IRQHandler
                0x0800249c                LPTIM4_IRQHandler
                0x0800249c                TIM8_TRG_COM_TIM14_IRQHandler
                0x0800249c                LPTIM2_IRQHandler
                0x0800249c                DFSDM1_FLT1_IRQHandler
                0x0800249c                DMAMUX2_OVR_IRQHandler
                0x0800249c                TIM8_UP_TIM13_IRQHandler
                0x0800249c                I2C3_ER_IRQHandler
                0x0800249c                DFSDM1_FLT2_IRQHandler
                0x0800249c                MDMA_IRQHandler
                0x0800249c                LPTIM3_IRQHandler
                0x0800249c                HSEM1_IRQHandler
                0x0800249c                EXTI0_IRQHandler
                0x0800249c                I2C2_EV_IRQHandler
                0x0800249c                DMA1_Stream2_IRQHandler
                0x0800249c                FPU_IRQHandler
                0x0800249c                OTG_HS_WKUP_IRQHandler
                0x0800249c                FDCAN1_IT1_IRQHandler
                0x0800249c                DMA2_Stream2_IRQHandler
                0x0800249c                HRTIM1_TIME_IRQHandler
                0x0800249c                SPI1_IRQHandler
                0x0800249c                TIM6_DAC_IRQHandler
                0x0800249c                DCMI_IRQHandler
                0x0800249c                HRTIM1_TIMC_IRQHandler
                0x0800249c                DMA2_Stream3_IRQHandler
                0x0800249c                SAI2_IRQHandler
                0x0800249c                DFSDM1_FLT3_IRQHandler
                0x0800249c                USART6_IRQHandler
                0x0800249c                TIM17_IRQHandler
                0x0800249c                BDMA_Channel7_IRQHandler
                0x0800249c                CRYP_IRQHandler
                0x0800249c                LPTIM5_IRQHandler
                0x0800249c                UART5_IRQHandler
                0x0800249c                ADC3_IRQHandler
                0x0800249c                DMA2_Stream0_IRQHandler
                0x0800249c                TIM4_IRQHandler
                0x0800249c                BDMA_Channel2_IRQHandler
                0x0800249c                QUADSPI_IRQHandler
                0x0800249c                I2C1_EV_IRQHandler
                0x0800249c                DMA1_Stream6_IRQHandler
                0x0800249c                DMAMUX1_OVR_IRQHandler
                0x0800249c                DMA1_Stream1_IRQHandler
                0x0800249c                TIM16_IRQHandler
                0x0800249c                UART4_IRQHandler
                0x0800249c                BDMA_Channel5_IRQHandler
                0x0800249c                TIM3_IRQHandler
                0x0800249c                RCC_IRQHandler
                0x0800249c                TIM8_BRK_TIM12_IRQHandler
                0x0800249c                TIM1_TRG_COM_IRQHandler
                0x0800249c                Default_Handler
                0x0800249c                ECC_IRQHandler
                0x0800249c                CEC_IRQHandler
                0x0800249c                EXTI15_10_IRQHandler
                0x0800249c                BDMA_Channel0_IRQHandler
                0x0800249c                ADC_IRQHandler
                0x0800249c                DMA1_Stream7_IRQHandler
                0x0800249c                HRTIM1_TIMA_IRQHandler
                0x0800249c                SPI5_IRQHandler
                0x0800249c                TIM7_IRQHandler
                0x0800249c                SDMMC1_IRQHandler
                0x0800249c                TIM5_IRQHandler
                0x0800249c                DMA2_Stream7_IRQHandler
                0x0800249c                TIM15_IRQHandler
                0x0800249c                PVD_AVD_IRQHandler
                0x0800249c                I2C3_EV_IRQHandler
                0x0800249c                EXTI9_5_IRQHandler
                0x0800249c                RTC_WKUP_IRQHandler
                0x0800249c                SAI3_IRQHandler
                0x0800249c                ETH_WKUP_IRQHandler
                0x0800249c                SPDIF_RX_IRQHandler
                0x0800249c                SPI2_IRQHandler
                0x0800249c                OTG_HS_EP1_IN_IRQHandler
                0x0800249c                DMA1_Stream0_IRQHandler
                0x0800249c                CRS_IRQHandler
                0x0800249c                EXTI4_IRQHandler
                0x0800249c                HRTIM1_TIMB_IRQHandler
                0x0800249c                FDCAN2_IT1_IRQHandler
                0x0800249c                ETH_IRQHandler
                0x0800249c                BDMA_Channel4_IRQHandler
                0x0800249c                OTG_HS_EP1_OUT_IRQHandler
                0x0800249c                WWDG_IRQHandler
                0x0800249c                SPI6_IRQHandler
                0x0800249c                MDIOS_IRQHandler
                0x0800249c                FDCAN2_IT0_IRQHandler
                0x0800249c                LPUART1_IRQHandler
                0x0800249c                FDCAN1_IT0_IRQHandler
                0x0800249c                TIM2_IRQHandler
                0x0800249c                OTG_FS_WKUP_IRQHandler
                0x0800249c                OTG_HS_IRQHandler
                0x0800249c                TIM1_BRK_IRQHandler
                0x0800249c                EXTI1_IRQHandler
                0x0800249c                SDMMC2_IRQHandler
                0x0800249c                OTG_FS_EP1_OUT_IRQHandler
                0x0800249c                BDMA_Channel3_IRQHandler
                0x0800249c                UART7_IRQHandler
                0x0800249c                MDIOS_WKUP_IRQHandler
                0x0800249c                USART2_IRQHandler
                0x0800249c                DFSDM1_FLT0_IRQHandler
                0x0800249c                SAI4_IRQHandler
                0x0800249c                I2C2_ER_IRQHandler
                0x0800249c                DMA2_Stream1_IRQHandler
                0x0800249c                FLASH_IRQHandler
                0x0800249c                DMA2_Stream4_IRQHandler
                0x0800249c                USART1_IRQHandler
                0x0800249c                OTG_FS_IRQHandler
                0x0800249c                SPI3_IRQHandler
                0x0800249c                WAKEUP_PIN_IRQHandler
                0x0800249c                DMA1_Stream4_IRQHandler
                0x0800249c                OTG_FS_EP1_IN_IRQHandler
                0x0800249c                I2C1_ER_IRQHandler
                0x0800249c                FMC_IRQHandler
                0x0800249c                FDCAN_CAL_IRQHandler
                0x0800249c                SWPMI1_IRQHandler
                0x0800249c                COMP1_IRQHandler
                0x0800249c                LPTIM1_IRQHandler
                0x0800249c                DMA2_Stream6_IRQHandler
                0x0800249c                SAI1_IRQHandler
                0x0800249c                DMA1_Stream3_IRQHandler
 .text.FT5336_GetCapabilities
                0x0800249e       0x1a ./Drivers/BSP/Components/ft5336/ft5336.o
                0x0800249e                FT5336_GetCapabilities
 .text.FT5336_DeInit
                0x080024b8       0x12 ./Drivers/BSP/Components/ft5336/ft5336.o
                0x080024b8                FT5336_DeInit
 .text.FT5336_ITStatus
                0x080024ca        0x4 ./Drivers/BSP/Components/ft5336/ft5336.o
                0x080024ca                FT5336_ITStatus
 .text.ReadRegWrap
                0x080024ce        0xe ./Drivers/BSP/Components/ft5336/ft5336.o
 .text.WriteRegWrap
                0x080024dc        0xe ./Drivers/BSP/Components/ft5336/ft5336.o
 .text.FT5336_GestureConfig
                0x080024ea       0x4e ./Drivers/BSP/Components/ft5336/ft5336.o
                0x080024ea                FT5336_GestureConfig
 .text.FT5336_ReadID
                0x08002538        0x6 ./Drivers/BSP/Components/ft5336/ft5336.o
                0x08002538                FT5336_ReadID
 .text.FT5336_GetState
                0x0800253e       0x62 ./Drivers/BSP/Components/ft5336/ft5336.o
                0x0800253e                FT5336_GetState
 .text.FT5336_GetGesture
                0x080025a0        0x6 ./Drivers/BSP/Components/ft5336/ft5336.o
                0x080025a0                FT5336_GetGesture
 .text.FT5336_EnableIT
                0x080025a6        0x8 ./Drivers/BSP/Components/ft5336/ft5336.o
                0x080025a6                FT5336_EnableIT
 .text.FT5336_DisableIT
                0x080025ae        0x8 ./Drivers/BSP/Components/ft5336/ft5336.o
                0x080025ae                FT5336_DisableIT
 .text.FT5336_Init
                0x080025b6       0x2a ./Drivers/BSP/Components/ft5336/ft5336.o
                0x080025b6                FT5336_Init
 .text.FT5336_ClearIT
                0x080025e0        0x4 ./Drivers/BSP/Components/ft5336/ft5336.o
                0x080025e0                FT5336_ClearIT
 .text.FT5336_GetMultiTouchState
                0x080025e4       0x86 ./Drivers/BSP/Components/ft5336/ft5336.o
                0x080025e4                FT5336_GetMultiTouchState
 *fill*         0x0800266a        0x2 
 .text.FT5336_RegisterBusIO
                0x0800266c       0x38 ./Drivers/BSP/Components/ft5336/ft5336.o
                0x0800266c                FT5336_RegisterBusIO
 .text.ft5336_read_reg
                0x080026a4        0xe ./Drivers/BSP/Components/ft5336/ft5336_reg.o
                0x080026a4                ft5336_read_reg
 .text.ft5336_write_reg
                0x080026b2        0xe ./Drivers/BSP/Components/ft5336/ft5336_reg.o
                0x080026b2                ft5336_write_reg
 .text.ft5336_gest_id
                0x080026c0        0xa ./Drivers/BSP/Components/ft5336/ft5336_reg.o
                0x080026c0                ft5336_gest_id
 .text.ft5336_td_status
                0x080026ca       0x1a ./Drivers/BSP/Components/ft5336/ft5336_reg.o
                0x080026ca                ft5336_td_status
 .text.ft5336_radian_value
                0x080026e4       0x18 ./Drivers/BSP/Components/ft5336/ft5336_reg.o
                0x080026e4                ft5336_radian_value
 .text.ft5336_offset_left_right
                0x080026fc       0x18 ./Drivers/BSP/Components/ft5336/ft5336_reg.o
                0x080026fc                ft5336_offset_left_right
 .text.ft5336_offset_up_down
                0x08002714       0x18 ./Drivers/BSP/Components/ft5336/ft5336_reg.o
                0x08002714                ft5336_offset_up_down
 .text.ft5336_disatnce_left_right
                0x0800272c       0x18 ./Drivers/BSP/Components/ft5336/ft5336_reg.o
                0x0800272c                ft5336_disatnce_left_right
 .text.ft5336_distance_up_down
                0x08002744       0x18 ./Drivers/BSP/Components/ft5336/ft5336_reg.o
                0x08002744                ft5336_distance_up_down
 .text.ft5336_distance_zoom
                0x0800275c       0x18 ./Drivers/BSP/Components/ft5336/ft5336_reg.o
                0x0800275c                ft5336_distance_zoom
 .text.ft5336_g_mode
                0x08002774       0x18 ./Drivers/BSP/Components/ft5336/ft5336_reg.o
                0x08002774                ft5336_g_mode
 .text.ft5336_chip_id
                0x0800278c        0xa ./Drivers/BSP/Components/ft5336/ft5336_reg.o
                0x0800278c                ft5336_chip_id
 .text.MT25TL01G_GetFlashInfo
                0x08002796       0x22 ./Drivers/BSP/Components/mt25tl01g/mt25tl01g.o
                0x08002796                MT25TL01G_GetFlashInfo
 .text.MT25TL01G_AutoPollingMemReady
                0x080027b8       0x56 ./Drivers/BSP/Components/mt25tl01g/mt25tl01g.o
                0x080027b8                MT25TL01G_AutoPollingMemReady
 .text.MT25TL01G_WriteEnable
                0x0800280e       0x88 ./Drivers/BSP/Components/mt25tl01g/mt25tl01g.o
                0x0800280e                MT25TL01G_WriteEnable
 .text.MT25TL01G_Enter4BytesAddressMode
                0x08002896       0x58 ./Drivers/BSP/Components/mt25tl01g/mt25tl01g.o
                0x08002896                MT25TL01G_Enter4BytesAddressMode
 .text.MT25TL01G_EnterQPIMode
                0x080028ee       0x38 ./Drivers/BSP/Components/mt25tl01g/mt25tl01g.o
                0x080028ee                MT25TL01G_EnterQPIMode
 .text.MT25TL01G_ExitQPIMode
                0x08002926       0x38 ./Drivers/BSP/Components/mt25tl01g/mt25tl01g.o
                0x08002926                MT25TL01G_ExitQPIMode
 .text.MT25TL01G_EnableMemoryMappedModeDTR
                0x0800295e       0x94 ./Drivers/BSP/Components/mt25tl01g/mt25tl01g.o
                0x0800295e                MT25TL01G_EnableMemoryMappedModeDTR
 .text.MT25TL01G_EnableMemoryMappedModeSTR
                0x080029f2       0x8c ./Drivers/BSP/Components/mt25tl01g/mt25tl01g.o
                0x080029f2                MT25TL01G_EnableMemoryMappedModeSTR
 .text.MT25TL01G_ResetEnable
                0x08002a7e       0x42 ./Drivers/BSP/Components/mt25tl01g/mt25tl01g.o
                0x08002a7e                MT25TL01G_ResetEnable
 .text.MT25TL01G_ResetMemory
                0x08002ac0       0x42 ./Drivers/BSP/Components/mt25tl01g/mt25tl01g.o
                0x08002ac0                MT25TL01G_ResetMemory
 *fill*         0x08002b02        0x2 
 .text.MT48LC4M32B2_ClockEnable
                0x08002b04       0x28 ./Drivers/BSP/Components/mt48lc4m32b2/mt48lc4m32b2.o
                0x08002b04                MT48LC4M32B2_ClockEnable
 .text.MT48LC4M32B2_Precharge
                0x08002b2c       0x2c ./Drivers/BSP/Components/mt48lc4m32b2/mt48lc4m32b2.o
                0x08002b2c                MT48LC4M32B2_Precharge
 .text.MT48LC4M32B2_ModeRegConfig
                0x08002b58       0x3c ./Drivers/BSP/Components/mt48lc4m32b2/mt48lc4m32b2.o
                0x08002b58                MT48LC4M32B2_ModeRegConfig
 .text.MT48LC4M32B2_RefreshMode
                0x08002b94       0x28 ./Drivers/BSP/Components/mt48lc4m32b2/mt48lc4m32b2.o
                0x08002b94                MT48LC4M32B2_RefreshMode
 .text.MT48LC4M32B2_RefreshRate
                0x08002bbc       0x10 ./Drivers/BSP/Components/mt48lc4m32b2/mt48lc4m32b2.o
                0x08002bbc                MT48LC4M32B2_RefreshRate
 .text.MT48LC4M32B2_Init
                0x08002bcc       0x5a ./Drivers/BSP/Components/mt48lc4m32b2/mt48lc4m32b2.o
                0x08002bcc                MT48LC4M32B2_Init
 *fill*         0x08002c26        0x2 
 .text.BSP_I2C4_DeInit
                0x08002c28       0x54 ./Drivers/BSP/STM32H750B-DK/stm32h750b_discovery_bus.o
                0x08002c28                BSP_I2C4_DeInit
 .text.MX_I2C4_Init
                0x08002c7c       0x3e ./Drivers/BSP/STM32H750B-DK/stm32h750b_discovery_bus.o
                0x08002c7c                MX_I2C4_Init
 *fill*         0x08002cba        0x2 
 .text.BSP_I2C4_Init
                0x08002cbc      0x2b0 ./Drivers/BSP/STM32H750B-DK/stm32h750b_discovery_bus.o
                0x08002cbc                BSP_I2C4_Init
 .text.BSP_I2C4_WriteReg
                0x08002f6c       0x34 ./Drivers/BSP/STM32H750B-DK/stm32h750b_discovery_bus.o
                0x08002f6c                BSP_I2C4_WriteReg
 .text.BSP_I2C4_ReadReg
                0x08002fa0       0x34 ./Drivers/BSP/STM32H750B-DK/stm32h750b_discovery_bus.o
                0x08002fa0                BSP_I2C4_ReadReg
 .text.BSP_GetTick
                0x08002fd4        0x4 ./Drivers/BSP/STM32H750B-DK/stm32h750b_discovery_bus.o
                0x08002fd4                BSP_GetTick
 .text.BSP_LCD_GetPixelFormat
                0x08002fd8       0x14 ./Drivers/BSP/STM32H750B-DK/stm32h750b_discovery_lcd.o
                0x08002fd8                BSP_LCD_GetPixelFormat
 .text.BSP_LCD_SetActiveLayer
                0x08002fec       0x14 ./Drivers/BSP/STM32H750B-DK/stm32h750b_discovery_lcd.o
                0x08002fec                BSP_LCD_SetActiveLayer
 .text.BSP_LCD_GetXSize
                0x08003000       0x14 ./Drivers/BSP/STM32H750B-DK/stm32h750b_discovery_lcd.o
                0x08003000                BSP_LCD_GetXSize
 .text.BSP_LCD_GetYSize
                0x08003014       0x14 ./Drivers/BSP/STM32H750B-DK/stm32h750b_discovery_lcd.o
                0x08003014                BSP_LCD_GetYSize
 .text.BSP_LCD_ReadPixel
                0x08003028       0x3c ./Drivers/BSP/STM32H750B-DK/stm32h750b_discovery_lcd.o
                0x08003028                BSP_LCD_ReadPixel
 .text.BSP_LCD_WritePixel
                0x08003064       0x38 ./Drivers/BSP/STM32H750B-DK/stm32h750b_discovery_lcd.o
                0x08003064                BSP_LCD_WritePixel
 .text.BSP_LCD_FillRGBRect
                0x0800309c       0x4c ./Drivers/BSP/STM32H750B-DK/stm32h750b_discovery_lcd.o
                0x0800309c                BSP_LCD_FillRGBRect
 .text.BSP_LCD_DrawBitmap
                0x080030e8       0xf4 ./Drivers/BSP/STM32H750B-DK/stm32h750b_discovery_lcd.o
                0x080030e8                BSP_LCD_DrawBitmap
 .text.LL_FillBuffer
                0x080031dc       0xa4 ./Drivers/BSP/STM32H750B-DK/stm32h750b_discovery_lcd.o
 .text.BSP_LCD_DrawHLine
                0x08003280       0x50 ./Drivers/BSP/STM32H750B-DK/stm32h750b_discovery_lcd.o
                0x08003280                BSP_LCD_DrawHLine
 .text.BSP_LCD_DrawVLine
                0x080032d0       0x50 ./Drivers/BSP/STM32H750B-DK/stm32h750b_discovery_lcd.o
                0x080032d0                BSP_LCD_DrawVLine
 .text.BSP_LCD_FillRect
                0x08003320       0x44 ./Drivers/BSP/STM32H750B-DK/stm32h750b_discovery_lcd.o
                0x08003320                BSP_LCD_FillRect
 .text.MX_LTDC_Init
                0x08003364       0x4c ./Drivers/BSP/STM32H750B-DK/stm32h750b_discovery_lcd.o
                0x08003364                MX_LTDC_Init
 .text.MX_LTDC_ConfigLayer
                0x080033b0       0x4e ./Drivers/BSP/STM32H750B-DK/stm32h750b_discovery_lcd.o
                0x080033b0                MX_LTDC_ConfigLayer
 .text.MX_LTDC_ClockConfig
                0x080033fe       0x32 ./Drivers/BSP/STM32H750B-DK/stm32h750b_discovery_lcd.o
                0x080033fe                MX_LTDC_ClockConfig
 .text.BSP_LCD_InitEx
                0x08003430      0x2e0 ./Drivers/BSP/STM32H750B-DK/stm32h750b_discovery_lcd.o
                0x08003430                BSP_LCD_InitEx
 .text.BSP_LCD_Init
                0x08003710       0x18 ./Drivers/BSP/STM32H750B-DK/stm32h750b_discovery_lcd.o
                0x08003710                BSP_LCD_Init
 .text.BSP_LCD_DisplayOn
                0x08003728       0x4c ./Drivers/BSP/STM32H750B-DK/stm32h750b_discovery_lcd.o
                0x08003728                BSP_LCD_DisplayOn
 .text.MX_QSPI_Init
                0x08003774       0x2c ./Drivers/BSP/STM32H750B-DK/stm32h750b_discovery_qspi.o
                0x08003774                MX_QSPI_Init
 .text.BSP_QSPI_GetInfo
                0x080037a0       0x16 ./Drivers/BSP/STM32H750B-DK/stm32h750b_discovery_qspi.o
                0x080037a0                BSP_QSPI_GetInfo
 *fill*         0x080037b6        0x2 
 .text.BSP_QSPI_EnableMemoryMappedMode
                0x080037b8       0x38 ./Drivers/BSP/STM32H750B-DK/stm32h750b_discovery_qspi.o
                0x080037b8                BSP_QSPI_EnableMemoryMappedMode
 .text.BSP_QSPI_ConfigFlash
                0x080037f0       0x70 ./Drivers/BSP/STM32H750B-DK/stm32h750b_discovery_qspi.o
                0x080037f0                BSP_QSPI_ConfigFlash
 .text.BSP_QSPI_Init
                0x08003860      0x374 ./Drivers/BSP/STM32H750B-DK/stm32h750b_discovery_qspi.o
                0x08003860                BSP_QSPI_Init
 .text.MX_SDRAM_BANK2_Init
                0x08003bd4       0x60 ./Drivers/BSP/STM32H750B-DK/stm32h750b_discovery_sdram.o
                0x08003bd4                MX_SDRAM_BANK2_Init
 .text.BSP_SDRAM_Init
                0x08003c34      0x1d8 ./Drivers/BSP/STM32H750B-DK/stm32h750b_discovery_sdram.o
                0x08003c34                BSP_SDRAM_Init
 .text.BSP_TS_Init
                0x08003e0c      0x104 ./Drivers/BSP/STM32H750B-DK/stm32h750b_discovery_ts.o
                0x08003e0c                BSP_TS_Init
 .text.BSP_TS_GetState
                0x08003f10       0xc0 ./Drivers/BSP/STM32H750B-DK/stm32h750b_discovery_ts.o
                0x08003f10                BSP_TS_GetState
 .text.HAL_Init
                0x08003fd0       0x5c ./Drivers/STM32H7xx_HAL_Driver/Src/stm32h7xx_hal.o
                0x08003fd0                HAL_Init
 .text.HAL_IncTick
                0x0800402c       0x18 ./Drivers/STM32H7xx_HAL_Driver/Src/stm32h7xx_hal.o
                0x0800402c                HAL_IncTick
 .text.HAL_GetTick
                0x08004044        0xc ./Drivers/STM32H7xx_HAL_Driver/Src/stm32h7xx_hal.o
                0x08004044                HAL_GetTick
 .text.HAL_Delay
                0x08004050       0x24 ./Drivers/STM32H7xx_HAL_Driver/Src/stm32h7xx_hal.o
                0x08004050                HAL_Delay
 .text.HAL_GetREVID
                0x08004074        0xc ./Drivers/STM32H7xx_HAL_Driver/Src/stm32h7xx_hal.o
                0x08004074                HAL_GetREVID
 .text.HAL_SYSCFG_AnalogSwitchConfig
                0x08004080       0x14 ./Drivers/STM32H7xx_HAL_Driver/Src/stm32h7xx_hal.o
                0x08004080                HAL_SYSCFG_AnalogSwitchConfig
 .text.LL_ADC_SetChannelSamplingTime
                0x08004094       0x20 ./Drivers/STM32H7xx_HAL_Driver/Src/stm32h7xx_hal_adc.o
 .text.LL_ADC_IsEnabled
                0x080040b4        0x8 ./Drivers/STM32H7xx_HAL_Driver/Src/stm32h7xx_hal_adc.o
 .text.LL_ADC_REG_IsConversionOngoing
                0x080040bc        0x8 ./Drivers/STM32H7xx_HAL_Driver/Src/stm32h7xx_hal_adc.o
 .text.HAL_ADC_ConfigChannel
                0x080040c4      0x398 ./Drivers/STM32H7xx_HAL_Driver/Src/stm32h7xx_hal_adc.o
                0x080040c4                HAL_ADC_ConfigChannel
 .text.ADC_ConfigureBoostMode
                0x0800445c      0x12c ./Drivers/STM32H7xx_HAL_Driver/Src/stm32h7xx_hal_adc.o
                0x0800445c                ADC_ConfigureBoostMode
 .text.HAL_ADC_Init
                0x08004588      0x218 ./Drivers/STM32H7xx_HAL_Driver/Src/stm32h7xx_hal_adc.o
                0x08004588                HAL_ADC_Init
 .text.HAL_NVIC_SetPriorityGrouping
                0x080047a0       0x24 ./Drivers/STM32H7xx_HAL_Driver/Src/stm32h7xx_hal_cortex.o
                0x080047a0                HAL_NVIC_SetPriorityGrouping
 .text.HAL_NVIC_SetPriority
                0x080047c4       0x64 ./Drivers/STM32H7xx_HAL_Driver/Src/stm32h7xx_hal_cortex.o
                0x080047c4                HAL_NVIC_SetPriority
 .text.HAL_NVIC_EnableIRQ
                0x08004828       0x1c ./Drivers/STM32H7xx_HAL_Driver/Src/stm32h7xx_hal_cortex.o
                0x08004828                HAL_NVIC_EnableIRQ
 .text.HAL_NVIC_DisableIRQ
                0x08004844       0x24 ./Drivers/STM32H7xx_HAL_Driver/Src/stm32h7xx_hal_cortex.o
                0x08004844                HAL_NVIC_DisableIRQ
 .text.HAL_MPU_Disable
                0x08004868       0x1c ./Drivers/STM32H7xx_HAL_Driver/Src/stm32h7xx_hal_cortex.o
                0x08004868                HAL_MPU_Disable
 .text.HAL_MPU_Enable
                0x08004884       0x20 ./Drivers/STM32H7xx_HAL_Driver/Src/stm32h7xx_hal_cortex.o
                0x08004884                HAL_MPU_Enable
 .text.HAL_MPU_ConfigRegion
                0x080048a4       0x58 ./Drivers/STM32H7xx_HAL_Driver/Src/stm32h7xx_hal_cortex.o
                0x080048a4                HAL_MPU_ConfigRegion
 .text.HAL_DMA_Abort
                0x080048fc      0x34c ./Drivers/STM32H7xx_HAL_Driver/Src/stm32h7xx_hal_dma.o
                0x080048fc                HAL_DMA_Abort
 .text.HAL_DMA_Abort_IT
                0x08004c48      0x120 ./Drivers/STM32H7xx_HAL_Driver/Src/stm32h7xx_hal_dma.o
                0x08004c48                HAL_DMA_Abort_IT
 .text.HAL_DMA_GetState
                0x08004d68        0x6 ./Drivers/STM32H7xx_HAL_Driver/Src/stm32h7xx_hal_dma.o
                0x08004d68                HAL_DMA_GetState
 .text.DMA2D_SetConfig
                0x08004d6e       0x90 ./Drivers/STM32H7xx_HAL_Driver/Src/stm32h7xx_hal_dma2d.o
 .text.HAL_DMA2D_Init
                0x08004dfe       0x7a ./Drivers/STM32H7xx_HAL_Driver/Src/stm32h7xx_hal_dma2d.o
                0x08004dfe                HAL_DMA2D_Init
 .text.HAL_DMA2D_Start
                0x08004e78       0x34 ./Drivers/STM32H7xx_HAL_Driver/Src/stm32h7xx_hal_dma2d.o
                0x08004e78                HAL_DMA2D_Start
 .text.HAL_DMA2D_PollForTransfer
                0x08004eac       0xfa ./Drivers/STM32H7xx_HAL_Driver/Src/stm32h7xx_hal_dma2d.o
                0x08004eac                HAL_DMA2D_PollForTransfer
 .text.HAL_DMA2D_LineEventCallback
                0x08004fa6        0x2 ./Drivers/STM32H7xx_HAL_Driver/Src/stm32h7xx_hal_dma2d.o
                0x08004fa6                HAL_DMA2D_LineEventCallback
 .text.HAL_DMA2D_CLUTLoadingCpltCallback
                0x08004fa8        0x2 ./Drivers/STM32H7xx_HAL_Driver/Src/stm32h7xx_hal_dma2d.o
                0x08004fa8                HAL_DMA2D_CLUTLoadingCpltCallback
 .text.HAL_DMA2D_IRQHandler
                0x08004faa      0x114 ./Drivers/STM32H7xx_HAL_Driver/Src/stm32h7xx_hal_dma2d.o
                0x08004faa                HAL_DMA2D_IRQHandler
 *fill*         0x080050be        0x2 
 .text.HAL_DMA2D_ConfigLayer
                0x080050c0       0xc0 ./Drivers/STM32H7xx_HAL_Driver/Src/stm32h7xx_hal_dma2d.o
                0x080050c0                HAL_DMA2D_ConfigLayer
 .text.HAL_GPIO_Init
                0x08005180      0x1d0 ./Drivers/STM32H7xx_HAL_Driver/Src/stm32h7xx_hal_gpio.o
                0x08005180                HAL_GPIO_Init
 .text.HAL_GPIO_DeInit
                0x08005350      0x138 ./Drivers/STM32H7xx_HAL_Driver/Src/stm32h7xx_hal_gpio.o
                0x08005350                HAL_GPIO_DeInit
 .text.HAL_GPIO_WritePin
                0x08005488        0xa ./Drivers/STM32H7xx_HAL_Driver/Src/stm32h7xx_hal_gpio.o
                0x08005488                HAL_GPIO_WritePin
 .text.I2C_Flush_TXDR
                0x08005492       0x1c ./Drivers/STM32H7xx_HAL_Driver/Src/stm32h7xx_hal_i2c.o
 *fill*         0x080054ae        0x2 
 .text.I2C_TransferConfig
                0x080054b0       0x2c ./Drivers/STM32H7xx_HAL_Driver/Src/stm32h7xx_hal_i2c.o
 .text.I2C_Disable_IRQ
                0x080054dc       0x42 ./Drivers/STM32H7xx_HAL_Driver/Src/stm32h7xx_hal_i2c.o
 .text.I2C_IsErrorOccurred
                0x0800551e      0x100 ./Drivers/STM32H7xx_HAL_Driver/Src/stm32h7xx_hal_i2c.o
 .text.I2C_WaitOnTXISFlagUntilTimeout
                0x0800561e       0x56 ./Drivers/STM32H7xx_HAL_Driver/Src/stm32h7xx_hal_i2c.o
 .text.I2C_WaitOnFlagUntilTimeout
                0x08005674       0x76 ./Drivers/STM32H7xx_HAL_Driver/Src/stm32h7xx_hal_i2c.o
 .text.I2C_WaitOnSTOPFlagUntilTimeout
                0x080056ea       0x52 ./Drivers/STM32H7xx_HAL_Driver/Src/stm32h7xx_hal_i2c.o
 .text.HAL_I2C_Init
                0x0800573c       0xaa ./Drivers/STM32H7xx_HAL_Driver/Src/stm32h7xx_hal_i2c.o
                0x0800573c                HAL_I2C_Init
 .text.HAL_I2C_DeInit
                0x080057e6       0x32 ./Drivers/STM32H7xx_HAL_Driver/Src/stm32h7xx_hal_i2c.o
                0x080057e6                HAL_I2C_DeInit
 .text.HAL_I2C_Mem_Write
                0x08005818      0x1b4 ./Drivers/STM32H7xx_HAL_Driver/Src/stm32h7xx_hal_i2c.o
                0x08005818                HAL_I2C_Mem_Write
 .text.HAL_I2C_Mem_Read
                0x080059cc      0x1bc ./Drivers/STM32H7xx_HAL_Driver/Src/stm32h7xx_hal_i2c.o
                0x080059cc                HAL_I2C_Mem_Read
 .text.HAL_I2C_EV_IRQHandler
                0x08005b88        0xe ./Drivers/STM32H7xx_HAL_Driver/Src/stm32h7xx_hal_i2c.o
                0x08005b88                HAL_I2C_EV_IRQHandler
 .text.HAL_I2C_SlaveTxCpltCallback
                0x08005b96        0x2 ./Drivers/STM32H7xx_HAL_Driver/Src/stm32h7xx_hal_i2c.o
                0x08005b96                HAL_I2C_SlaveTxCpltCallback
 .text.HAL_I2C_SlaveRxCpltCallback
                0x08005b98        0x2 ./Drivers/STM32H7xx_HAL_Driver/Src/stm32h7xx_hal_i2c.o
                0x08005b98                HAL_I2C_SlaveRxCpltCallback
 .text.I2C_ITSlaveSeqCplt
                0x08005b9a       0x6c ./Drivers/STM32H7xx_HAL_Driver/Src/stm32h7xx_hal_i2c.o
 .text.HAL_I2C_AddrCallback
                0x08005c06        0x2 ./Drivers/STM32H7xx_HAL_Driver/Src/stm32h7xx_hal_i2c.o
                0x08005c06                HAL_I2C_AddrCallback
 .text.I2C_ITAddrCplt.constprop.0
                0x08005c08       0x88 ./Drivers/STM32H7xx_HAL_Driver/Src/stm32h7xx_hal_i2c.o
 .text.HAL_I2C_ListenCpltCallback
                0x08005c90        0x2 ./Drivers/STM32H7xx_HAL_Driver/Src/stm32h7xx_hal_i2c.o
                0x08005c90                HAL_I2C_ListenCpltCallback
 *fill*         0x08005c92        0x2 
 .text.I2C_ITListenCplt
                0x08005c94       0x60 ./Drivers/STM32H7xx_HAL_Driver/Src/stm32h7xx_hal_i2c.o
 .text.HAL_I2C_ErrorCallback
                0x08005cf4        0x2 ./Drivers/STM32H7xx_HAL_Driver/Src/stm32h7xx_hal_i2c.o
                0x08005cf4                HAL_I2C_ErrorCallback
 .text.HAL_I2C_AbortCpltCallback
                0x08005cf6        0x2 ./Drivers/STM32H7xx_HAL_Driver/Src/stm32h7xx_hal_i2c.o
                0x08005cf6                HAL_I2C_AbortCpltCallback
 .text.I2C_TreatErrorCallback
                0x08005cf8       0x2c ./Drivers/STM32H7xx_HAL_Driver/Src/stm32h7xx_hal_i2c.o
 .text.I2C_ITError
                0x08005d24      0x108 ./Drivers/STM32H7xx_HAL_Driver/Src/stm32h7xx_hal_i2c.o
 .text.HAL_I2C_ER_IRQHandler
                0x08005e2c       0x60 ./Drivers/STM32H7xx_HAL_Driver/Src/stm32h7xx_hal_i2c.o
                0x08005e2c                HAL_I2C_ER_IRQHandler
 .text.I2C_ITSlaveCplt.constprop.0
                0x08005e8c      0x204 ./Drivers/STM32H7xx_HAL_Driver/Src/stm32h7xx_hal_i2c.o
 .text.I2C_Slave_ISR_IT
                0x08006090      0x112 ./Drivers/STM32H7xx_HAL_Driver/Src/stm32h7xx_hal_i2c.o
 .text.I2C_DMAAbort
                0x080061a2       0x16 ./Drivers/STM32H7xx_HAL_Driver/Src/stm32h7xx_hal_i2c.o
 .text.HAL_I2C_GetState
                0x080061b8        0x6 ./Drivers/STM32H7xx_HAL_Driver/Src/stm32h7xx_hal_i2c.o
                0x080061b8                HAL_I2C_GetState
 .text.HAL_I2C_GetError
                0x080061be        0x4 ./Drivers/STM32H7xx_HAL_Driver/Src/stm32h7xx_hal_i2c.o
                0x080061be                HAL_I2C_GetError
 .text.HAL_I2CEx_ConfigAnalogFilter
                0x080061c2       0x4c ./Drivers/STM32H7xx_HAL_Driver/Src/stm32h7xx_hal_i2c_ex.o
                0x080061c2                HAL_I2CEx_ConfigAnalogFilter
 .text.HAL_I2CEx_ConfigDigitalFilter
                0x0800620e       0x4a ./Drivers/STM32H7xx_HAL_Driver/Src/stm32h7xx_hal_i2c_ex.o
                0x0800620e                HAL_I2CEx_ConfigDigitalFilter
 .text.LTDC_SetConfig
                0x08006258      0x10c ./Drivers/STM32H7xx_HAL_Driver/Src/stm32h7xx_hal_ltdc.o
 .text.HAL_LTDC_Init
                0x08006364       0xd8 ./Drivers/STM32H7xx_HAL_Driver/Src/stm32h7xx_hal_ltdc.o
                0x08006364                HAL_LTDC_Init
 .text.HAL_LTDC_ErrorCallback
                0x0800643c        0x2 ./Drivers/STM32H7xx_HAL_Driver/Src/stm32h7xx_hal_ltdc.o
                0x0800643c                HAL_LTDC_ErrorCallback
 .text.HAL_LTDC_LineEventCallback
                0x0800643e        0x2 ./Drivers/STM32H7xx_HAL_Driver/Src/stm32h7xx_hal_ltdc.o
                0x0800643e                HAL_LTDC_LineEventCallback
 .text.HAL_LTDC_ReloadEventCallback
                0x08006440        0x2 ./Drivers/STM32H7xx_HAL_Driver/Src/stm32h7xx_hal_ltdc.o
                0x08006440                HAL_LTDC_ReloadEventCallback
 .text.HAL_LTDC_IRQHandler
                0x08006442       0xba ./Drivers/STM32H7xx_HAL_Driver/Src/stm32h7xx_hal_ltdc.o
                0x08006442                HAL_LTDC_IRQHandler
 .text.HAL_LTDC_ConfigLayer
                0x080064fc       0x5a ./Drivers/STM32H7xx_HAL_Driver/Src/stm32h7xx_hal_ltdc.o
                0x080064fc                HAL_LTDC_ConfigLayer
 .text.HAL_MDMA_Init
                0x08006556       0xde ./Drivers/STM32H7xx_HAL_Driver/Src/stm32h7xx_hal_mdma.o
                0x08006556                HAL_MDMA_Init
 .text.HAL_MDMA_DeInit
                0x08006634       0x3e ./Drivers/STM32H7xx_HAL_Driver/Src/stm32h7xx_hal_mdma.o
                0x08006634                HAL_MDMA_DeInit
 *fill*         0x08006672        0x2 
 .text.HAL_PWREx_ConfigSupply
                0x08006674       0x48 ./Drivers/STM32H7xx_HAL_Driver/Src/stm32h7xx_hal_pwr_ex.o
                0x08006674                HAL_PWREx_ConfigSupply
 .text.QSPI_Config
                0x080066bc      0x174 ./Drivers/STM32H7xx_HAL_Driver/Src/stm32h7xx_hal_qspi.o
 .text.QSPI_WaitFlagStateUntilTimeout
                0x08006830       0x4e ./Drivers/STM32H7xx_HAL_Driver/Src/stm32h7xx_hal_qspi.o
 *fill*         0x0800687e        0x2 
 .text.HAL_QSPI_Init
                0x08006880       0x98 ./Drivers/STM32H7xx_HAL_Driver/Src/stm32h7xx_hal_qspi.o
                0x08006880                HAL_QSPI_Init
 .text.HAL_QSPI_Command
                0x08006918       0x8a ./Drivers/STM32H7xx_HAL_Driver/Src/stm32h7xx_hal_qspi.o
                0x08006918                HAL_QSPI_Command
 .text.HAL_QSPI_Transmit
                0x080069a2       0xb8 ./Drivers/STM32H7xx_HAL_Driver/Src/stm32h7xx_hal_qspi.o
                0x080069a2                HAL_QSPI_Transmit
 .text.HAL_QSPI_Receive
                0x08006a5a       0xc0 ./Drivers/STM32H7xx_HAL_Driver/Src/stm32h7xx_hal_qspi.o
                0x08006a5a                HAL_QSPI_Receive
 .text.HAL_QSPI_AutoPolling
                0x08006b1a       0xa2 ./Drivers/STM32H7xx_HAL_Driver/Src/stm32h7xx_hal_qspi.o
                0x08006b1a                HAL_QSPI_AutoPolling
 .text.HAL_QSPI_MemoryMapped
                0x08006bbc       0x82 ./Drivers/STM32H7xx_HAL_Driver/Src/stm32h7xx_hal_qspi.o
                0x08006bbc                HAL_QSPI_MemoryMapped
 *fill*         0x08006c3e        0x2 
 .text.HAL_RCC_OscConfig
                0x08006c40      0x558 ./Drivers/STM32H7xx_HAL_Driver/Src/stm32h7xx_hal_rcc.o
                0x08006c40                HAL_RCC_OscConfig
 .text.HAL_RCC_GetSysClockFreq
                0x08007198      0x144 ./Drivers/STM32H7xx_HAL_Driver/Src/stm32h7xx_hal_rcc.o
                0x08007198                HAL_RCC_GetSysClockFreq
 .text.HAL_RCC_ClockConfig
                0x080072dc      0x24c ./Drivers/STM32H7xx_HAL_Driver/Src/stm32h7xx_hal_rcc.o
                0x080072dc                HAL_RCC_ClockConfig
 .text.HAL_RCC_GetHCLKFreq
                0x08007528       0x44 ./Drivers/STM32H7xx_HAL_Driver/Src/stm32h7xx_hal_rcc.o
                0x08007528                HAL_RCC_GetHCLKFreq
 .text.HAL_RCC_GetPCLK1Freq
                0x0800756c       0x24 ./Drivers/STM32H7xx_HAL_Driver/Src/stm32h7xx_hal_rcc.o
                0x0800756c                HAL_RCC_GetPCLK1Freq
 .text.HAL_RCC_GetPCLK2Freq
                0x08007590       0x24 ./Drivers/STM32H7xx_HAL_Driver/Src/stm32h7xx_hal_rcc.o
                0x08007590                HAL_RCC_GetPCLK2Freq
 .text.HAL_RCC_GetClockConfig
                0x080075b4       0x54 ./Drivers/STM32H7xx_HAL_Driver/Src/stm32h7xx_hal_rcc.o
                0x080075b4                HAL_RCC_GetClockConfig
 .text.RCCEx_PLL2_Config
                0x08007608       0xf0 ./Drivers/STM32H7xx_HAL_Driver/Src/stm32h7xx_hal_rcc_ex.o
 .text.RCCEx_PLL3_Config
                0x080076f8       0xf0 ./Drivers/STM32H7xx_HAL_Driver/Src/stm32h7xx_hal_rcc_ex.o
 .text.HAL_RCCEx_PeriphCLKConfig
                0x080077e8      0x9d0 ./Drivers/STM32H7xx_HAL_Driver/Src/stm32h7xx_hal_rcc_ex.o
                0x080077e8                HAL_RCCEx_PeriphCLKConfig
 .text.HAL_RCCEx_GetD3PCLK1Freq
                0x080081b8       0x24 ./Drivers/STM32H7xx_HAL_Driver/Src/stm32h7xx_hal_rcc_ex.o
                0x080081b8                HAL_RCCEx_GetD3PCLK1Freq
 .text.HAL_RCCEx_GetPLL2ClockFreq
                0x080081dc      0x154 ./Drivers/STM32H7xx_HAL_Driver/Src/stm32h7xx_hal_rcc_ex.o
                0x080081dc                HAL_RCCEx_GetPLL2ClockFreq
 .text.HAL_RCCEx_GetPLL3ClockFreq
                0x08008330      0x154 ./Drivers/STM32H7xx_HAL_Driver/Src/stm32h7xx_hal_rcc_ex.o
                0x08008330                HAL_RCCEx_GetPLL3ClockFreq
 .text.HAL_RCCEx_GetPLL1ClockFreq
                0x08008484      0x154 ./Drivers/STM32H7xx_HAL_Driver/Src/stm32h7xx_hal_rcc_ex.o
                0x08008484                HAL_RCCEx_GetPLL1ClockFreq
 .text.HAL_RCCEx_GetPeriphCLKFreq
                0x080085d8      0x2f8 ./Drivers/STM32H7xx_HAL_Driver/Src/stm32h7xx_hal_rcc_ex.o
                0x080085d8                HAL_RCCEx_GetPeriphCLKFreq
 .text.HAL_SDRAM_Init
                0x080088d0       0x50 ./Drivers/STM32H7xx_HAL_Driver/Src/stm32h7xx_hal_sdram.o
                0x080088d0                HAL_SDRAM_Init
 .text.HAL_SDRAM_SendCommand
                0x08008920       0x3e ./Drivers/STM32H7xx_HAL_Driver/Src/stm32h7xx_hal_sdram.o
                0x08008920                HAL_SDRAM_SendCommand
 .text.HAL_SDRAM_ProgramRefreshRate
                0x0800895e       0x30 ./Drivers/STM32H7xx_HAL_Driver/Src/stm32h7xx_hal_sdram.o
                0x0800895e                HAL_SDRAM_ProgramRefreshRate
 *fill*         0x0800898e        0x2 
 .text.HAL_TIM_Base_Start_IT
                0x08008990       0x7c ./Drivers/STM32H7xx_HAL_Driver/Src/stm32h7xx_hal_tim.o
                0x08008990                HAL_TIM_Base_Start_IT
 .text.HAL_TIM_PWM_MspInit
                0x08008a0c        0x2 ./Drivers/STM32H7xx_HAL_Driver/Src/stm32h7xx_hal_tim.o
                0x08008a0c                HAL_TIM_PWM_MspInit
 .text.HAL_TIM_PWM_MspDeInit
                0x08008a0e        0x2 ./Drivers/STM32H7xx_HAL_Driver/Src/stm32h7xx_hal_tim.o
                0x08008a0e                HAL_TIM_PWM_MspDeInit
 .text.HAL_TIM_PWM_DeInit
                0x08008a10       0x66 ./Drivers/STM32H7xx_HAL_Driver/Src/stm32h7xx_hal_tim.o
                0x08008a10                HAL_TIM_PWM_DeInit
 .text.HAL_TIM_OC_DelayElapsedCallback
                0x08008a76        0x2 ./Drivers/STM32H7xx_HAL_Driver/Src/stm32h7xx_hal_tim.o
                0x08008a76                HAL_TIM_OC_DelayElapsedCallback
 .text.HAL_TIM_IC_CaptureCallback
                0x08008a78        0x2 ./Drivers/STM32H7xx_HAL_Driver/Src/stm32h7xx_hal_tim.o
                0x08008a78                HAL_TIM_IC_CaptureCallback
 .text.HAL_TIM_PWM_PulseFinishedCallback
                0x08008a7a        0x2 ./Drivers/STM32H7xx_HAL_Driver/Src/stm32h7xx_hal_tim.o
                0x08008a7a                HAL_TIM_PWM_PulseFinishedCallback
 .text.HAL_TIM_TriggerCallback
                0x08008a7c        0x2 ./Drivers/STM32H7xx_HAL_Driver/Src/stm32h7xx_hal_tim.o
                0x08008a7c                HAL_TIM_TriggerCallback
 .text.HAL_TIM_IRQHandler
                0x08008a7e      0x140 ./Drivers/STM32H7xx_HAL_Driver/Src/stm32h7xx_hal_tim.o
                0x08008a7e                HAL_TIM_IRQHandler
 *fill*         0x08008bbe        0x2 
 .text.TIM_Base_SetConfig
                0x08008bc0       0xd8 ./Drivers/STM32H7xx_HAL_Driver/Src/stm32h7xx_hal_tim.o
                0x08008bc0                TIM_Base_SetConfig
 .text.HAL_TIM_Base_Init
                0x08008c98       0x60 ./Drivers/STM32H7xx_HAL_Driver/Src/stm32h7xx_hal_tim.o
                0x08008c98                HAL_TIM_Base_Init
 .text.HAL_TIM_PWM_Init
                0x08008cf8       0x60 ./Drivers/STM32H7xx_HAL_Driver/Src/stm32h7xx_hal_tim.o
                0x08008cf8                HAL_TIM_PWM_Init
 .text.TIM_ETR_SetConfig
                0x08008d58       0x14 ./Drivers/STM32H7xx_HAL_Driver/Src/stm32h7xx_hal_tim.o
                0x08008d58                TIM_ETR_SetConfig
 .text.HAL_TIM_ConfigClockSource
                0x08008d6c      0x174 ./Drivers/STM32H7xx_HAL_Driver/Src/stm32h7xx_hal_tim.o
                0x08008d6c                HAL_TIM_ConfigClockSource
 .text.HAL_TIMEx_MasterConfigSynchronization
                0x08008ee0       0x94 ./Drivers/STM32H7xx_HAL_Driver/Src/stm32h7xx_hal_tim_ex.o
                0x08008ee0                HAL_TIMEx_MasterConfigSynchronization
 .text.HAL_TIMEx_CommutCallback
                0x08008f74        0x2 ./Drivers/STM32H7xx_HAL_Driver/Src/stm32h7xx_hal_tim_ex.o
                0x08008f74                HAL_TIMEx_CommutCallback
 .text.HAL_TIMEx_BreakCallback
                0x08008f76        0x2 ./Drivers/STM32H7xx_HAL_Driver/Src/stm32h7xx_hal_tim_ex.o
                0x08008f76                HAL_TIMEx_BreakCallback
 .text.HAL_TIMEx_Break2Callback
                0x08008f78        0x2 ./Drivers/STM32H7xx_HAL_Driver/Src/stm32h7xx_hal_tim_ex.o
                0x08008f78                HAL_TIMEx_Break2Callback
 *fill*         0x08008f7a        0x2 
 .text.UART_EndRxTransfer
                0x08008f7c       0x58 ./Drivers/STM32H7xx_HAL_Driver/Src/stm32h7xx_hal_uart.o
 .text.HAL_UART_TxCpltCallback
                0x08008fd4        0x2 ./Drivers/STM32H7xx_HAL_Driver/Src/stm32h7xx_hal_uart.o
                0x08008fd4                HAL_UART_TxCpltCallback
 .text.HAL_UART_ErrorCallback
                0x08008fd6        0x2 ./Drivers/STM32H7xx_HAL_Driver/Src/stm32h7xx_hal_uart.o
                0x08008fd6                HAL_UART_ErrorCallback
 .text.UART_DMAAbortOnError
                0x08008fd8       0x14 ./Drivers/STM32H7xx_HAL_Driver/Src/stm32h7xx_hal_uart.o
 .text.HAL_UARTEx_RxEventCallback
                0x08008fec        0x2 ./Drivers/STM32H7xx_HAL_Driver/Src/stm32h7xx_hal_uart.o
                0x08008fec                HAL_UARTEx_RxEventCallback
 *fill*         0x08008fee        0x2 
 .text.HAL_UART_IRQHandler
                0x08008ff0      0x348 ./Drivers/STM32H7xx_HAL_Driver/Src/stm32h7xx_hal_uart.o
                0x08008ff0                HAL_UART_IRQHandler
 .text.UART_SetConfig
                0x08009338      0x32c ./Drivers/STM32H7xx_HAL_Driver/Src/stm32h7xx_hal_uart.o
                0x08009338                UART_SetConfig
 .text.UART_AdvFeatureConfig
                0x08009664       0xaa ./Drivers/STM32H7xx_HAL_Driver/Src/stm32h7xx_hal_uart.o
                0x08009664                UART_AdvFeatureConfig
 .text.UART_WaitOnFlagUntilTimeout
                0x0800970e       0x90 ./Drivers/STM32H7xx_HAL_Driver/Src/stm32h7xx_hal_uart.o
                0x0800970e                UART_WaitOnFlagUntilTimeout
 .text.UART_CheckIdleState
                0x0800979e       0xb6 ./Drivers/STM32H7xx_HAL_Driver/Src/stm32h7xx_hal_uart.o
                0x0800979e                UART_CheckIdleState
 .text.HAL_UART_Init
                0x08009854       0x60 ./Drivers/STM32H7xx_HAL_Driver/Src/stm32h7xx_hal_uart.o
                0x08009854                HAL_UART_Init
 .text.UARTEx_SetNbDataToProcess
                0x080098b4       0x44 ./Drivers/STM32H7xx_HAL_Driver/Src/stm32h7xx_hal_uart_ex.o
 .text.HAL_UARTEx_WakeupCallback
                0x080098f8        0x2 ./Drivers/STM32H7xx_HAL_Driver/Src/stm32h7xx_hal_uart_ex.o
                0x080098f8                HAL_UARTEx_WakeupCallback
 .text.HAL_UARTEx_RxFifoFullCallback
                0x080098fa        0x2 ./Drivers/STM32H7xx_HAL_Driver/Src/stm32h7xx_hal_uart_ex.o
                0x080098fa                HAL_UARTEx_RxFifoFullCallback
 .text.HAL_UARTEx_TxFifoEmptyCallback
                0x080098fc        0x2 ./Drivers/STM32H7xx_HAL_Driver/Src/stm32h7xx_hal_uart_ex.o
                0x080098fc                HAL_UARTEx_TxFifoEmptyCallback
 .text.HAL_UARTEx_DisableFifoMode
                0x080098fe       0x36 ./Drivers/STM32H7xx_HAL_Driver/Src/stm32h7xx_hal_uart_ex.o
                0x080098fe                HAL_UARTEx_DisableFifoMode
 .text.HAL_UARTEx_SetTxFifoThreshold
                0x08009934       0x40 ./Drivers/STM32H7xx_HAL_Driver/Src/stm32h7xx_hal_uart_ex.o
                0x08009934                HAL_UARTEx_SetTxFifoThreshold
 .text.HAL_UARTEx_SetRxFifoThreshold
                0x08009974       0x40 ./Drivers/STM32H7xx_HAL_Driver/Src/stm32h7xx_hal_uart_ex.o
                0x08009974                HAL_UARTEx_SetRxFifoThreshold
 .text.FMC_SDRAM_Init
                0x080099b4       0x70 ./Drivers/STM32H7xx_HAL_Driver/Src/stm32h7xx_ll_fmc.o
                0x080099b4                FMC_SDRAM_Init
 .text.FMC_SDRAM_Timing_Init
                0x08009a24       0x6c ./Drivers/STM32H7xx_HAL_Driver/Src/stm32h7xx_ll_fmc.o
                0x08009a24                FMC_SDRAM_Timing_Init
 .text.FMC_SDRAM_SendCommand
                0x08009a90       0x24 ./Drivers/STM32H7xx_HAL_Driver/Src/stm32h7xx_ll_fmc.o
                0x08009a90                FMC_SDRAM_SendCommand
 .text.FMC_SDRAM_ProgramRefreshRate
                0x08009ab4       0x14 ./Drivers/STM32H7xx_HAL_Driver/Src/stm32h7xx_ll_fmc.o
                0x08009ab4                FMC_SDRAM_ProgramRefreshRate
 .text.SysTick_Handler
                0x08009ac8       0x1a ./Middlewares/Third_Party/FreeRTOS/Source/CMSIS_RTOS_V2/cmsis_os2.o
                0x08009ac8                SysTick_Handler
 *fill*         0x08009ae2        0x2 
 .text.osKernelInitialize
                0x08009ae4       0x24 ./Middlewares/Third_Party/FreeRTOS/Source/CMSIS_RTOS_V2/cmsis_os2.o
                0x08009ae4                osKernelInitialize
 .text.osKernelStart
                0x08009b08       0x34 ./Middlewares/Third_Party/FreeRTOS/Source/CMSIS_RTOS_V2/cmsis_os2.o
                0x08009b08                osKernelStart
 .text.osThreadNew
                0x08009b3c       0x8e ./Middlewares/Third_Party/FreeRTOS/Source/CMSIS_RTOS_V2/cmsis_os2.o
                0x08009b3c                osThreadNew
 .text.osDelay  0x08009bca       0x18 ./Middlewares/Third_Party/FreeRTOS/Source/CMSIS_RTOS_V2/cmsis_os2.o
                0x08009bca                osDelay
 *fill*         0x08009be2        0x2 
 .text.vApplicationGetIdleTaskMemory
                0x08009be4       0x18 ./Middlewares/Third_Party/FreeRTOS/Source/CMSIS_RTOS_V2/cmsis_os2.o
                0x08009be4                vApplicationGetIdleTaskMemory
 .text.vApplicationGetTimerTaskMemory
                0x08009bfc       0x18 ./Middlewares/Third_Party/FreeRTOS/Source/CMSIS_RTOS_V2/cmsis_os2.o
                0x08009bfc                vApplicationGetTimerTaskMemory
 .text.vListInitialise
                0x08009c14       0x16 ./Middlewares/Third_Party/FreeRTOS/Source/list.o
                0x08009c14                vListInitialise
 .text.vListInitialiseItem
                0x08009c2a        0x6 ./Middlewares/Third_Party/FreeRTOS/Source/list.o
                0x08009c2a                vListInitialiseItem
 .text.vListInsertEnd
                0x08009c30       0x16 ./Middlewares/Third_Party/FreeRTOS/Source/list.o
                0x08009c30                vListInsertEnd
 .text.vListInsert
                0x08009c46       0x2e ./Middlewares/Third_Party/FreeRTOS/Source/list.o
                0x08009c46                vListInsert
 .text.uxListRemove
                0x08009c74       0x20 ./Middlewares/Third_Party/FreeRTOS/Source/list.o
                0x08009c74                uxListRemove
 .text.prvIsQueueEmpty
                0x08009c94       0x16 ./Middlewares/Third_Party/FreeRTOS/Source/queue.o
 .text.prvCopyDataToQueue
                0x08009caa       0x66 ./Middlewares/Third_Party/FreeRTOS/Source/queue.o
 .text.prvCopyDataFromQueue
                0x08009d10       0x2a ./Middlewares/Third_Party/FreeRTOS/Source/queue.o
 .text.prvUnlockQueue
                0x08009d3a       0x70 ./Middlewares/Third_Party/FreeRTOS/Source/queue.o
 .text.xQueueGenericReset
                0x08009daa       0x7e ./Middlewares/Third_Party/FreeRTOS/Source/queue.o
                0x08009daa                xQueueGenericReset
 .text.xQueueGenericCreateStatic
                0x08009e28       0x9c ./Middlewares/Third_Party/FreeRTOS/Source/queue.o
                0x08009e28                xQueueGenericCreateStatic
 .text.xQueueGenericSend
                0x08009ec4      0x164 ./Middlewares/Third_Party/FreeRTOS/Source/queue.o
                0x08009ec4                xQueueGenericSend
 .text.xQueueGenericSendFromISR
                0x0800a028       0xba ./Middlewares/Third_Party/FreeRTOS/Source/queue.o
                0x0800a028                xQueueGenericSendFromISR
 .text.xQueueReceive
                0x0800a0e2      0x13c ./Middlewares/Third_Party/FreeRTOS/Source/queue.o
                0x0800a0e2                xQueueReceive
 *fill*         0x0800a21e        0x2 
 .text.vQueueAddToRegistry
                0x0800a220       0x24 ./Middlewares/Third_Party/FreeRTOS/Source/queue.o
                0x0800a220                vQueueAddToRegistry
 .text.vQueueWaitForMessageRestricted
                0x0800a244       0x46 ./Middlewares/Third_Party/FreeRTOS/Source/queue.o
                0x0800a244                vQueueWaitForMessageRestricted
 *fill*         0x0800a28a        0x2 
 .text.prvAddNewTaskToReadyList
                0x0800a28c       0xfc ./Middlewares/Third_Party/FreeRTOS/Source/tasks.o
 .text.prvAddCurrentTaskToDelayedList
                0x0800a388       0x70 ./Middlewares/Third_Party/FreeRTOS/Source/tasks.o
 .text.prvResetNextTaskUnblockTime
                0x0800a3f8       0x24 ./Middlewares/Third_Party/FreeRTOS/Source/tasks.o
 .text.prvDeleteTCB
                0x0800a41c       0x3c ./Middlewares/Third_Party/FreeRTOS/Source/tasks.o
 .text.prvIdleTask
                0x0800a458       0x60 ./Middlewares/Third_Party/FreeRTOS/Source/tasks.o
 .text.prvInitialiseNewTask.constprop.0
                0x0800a4b8       0xb8 ./Middlewares/Third_Party/FreeRTOS/Source/tasks.o
 .text.xTaskCreateStatic
                0x0800a570       0x70 ./Middlewares/Third_Party/FreeRTOS/Source/tasks.o
                0x0800a570                xTaskCreateStatic
 .text.xTaskCreate
                0x0800a5e0       0x5c ./Middlewares/Third_Party/FreeRTOS/Source/tasks.o
                0x0800a5e0                xTaskCreate
 .text.vTaskStartScheduler
                0x0800a63c       0xa0 ./Middlewares/Third_Party/FreeRTOS/Source/tasks.o
                0x0800a63c                vTaskStartScheduler
 .text.vTaskSuspendAll
                0x0800a6dc       0x10 ./Middlewares/Third_Party/FreeRTOS/Source/tasks.o
                0x0800a6dc                vTaskSuspendAll
 .text.xTaskGetTickCount
                0x0800a6ec        0xc ./Middlewares/Third_Party/FreeRTOS/Source/tasks.o
                0x0800a6ec                xTaskGetTickCount
 .text.xTaskIncrementTick
                0x0800a6f8      0x12c ./Middlewares/Third_Party/FreeRTOS/Source/tasks.o
                0x0800a6f8                xTaskIncrementTick
 .text.xTaskResumeAll
                0x0800a824       0xe8 ./Middlewares/Third_Party/FreeRTOS/Source/tasks.o
                0x0800a824                xTaskResumeAll
 .text.vTaskDelay
                0x0800a90c       0x48 ./Middlewares/Third_Party/FreeRTOS/Source/tasks.o
                0x0800a90c                vTaskDelay
 .text.vTaskSwitchContext
                0x0800a954       0x80 ./Middlewares/Third_Party/FreeRTOS/Source/tasks.o
                0x0800a954                vTaskSwitchContext
 .text.vTaskPlaceOnEventList
                0x0800a9d4       0x34 ./Middlewares/Third_Party/FreeRTOS/Source/tasks.o
                0x0800a9d4                vTaskPlaceOnEventList
 .text.vTaskPlaceOnEventListRestricted
                0x0800aa08       0x3c ./Middlewares/Third_Party/FreeRTOS/Source/tasks.o
                0x0800aa08                vTaskPlaceOnEventListRestricted
 .text.xTaskRemoveFromEventList
                0x0800aa44       0x84 ./Middlewares/Third_Party/FreeRTOS/Source/tasks.o
                0x0800aa44                xTaskRemoveFromEventList
 .text.vTaskInternalSetTimeOutState
                0x0800aac8       0x18 ./Middlewares/Third_Party/FreeRTOS/Source/tasks.o
                0x0800aac8                vTaskInternalSetTimeOutState
 .text.xTaskCheckForTimeOut
                0x0800aae0       0x78 ./Middlewares/Third_Party/FreeRTOS/Source/tasks.o
                0x0800aae0                xTaskCheckForTimeOut
 .text.vTaskMissedYield
                0x0800ab58        0xc ./Middlewares/Third_Party/FreeRTOS/Source/tasks.o
                0x0800ab58                vTaskMissedYield
 .text.xTaskGetSchedulerState
                0x0800ab64       0x20 ./Middlewares/Third_Party/FreeRTOS/Source/tasks.o
                0x0800ab64                xTaskGetSchedulerState
 .text.xTaskPriorityDisinherit
                0x0800ab84       0x84 ./Middlewares/Third_Party/FreeRTOS/Source/tasks.o
                0x0800ab84                xTaskPriorityDisinherit
 .text.prvInsertTimerInActiveList
                0x0800ac08       0x3c ./Middlewares/Third_Party/FreeRTOS/Source/timers.o
 .text.prvCheckForValidListAndQueue
                0x0800ac44       0x68 ./Middlewares/Third_Party/FreeRTOS/Source/timers.o
 .text.xTimerCreateTimerTask
                0x0800acac       0x64 ./Middlewares/Third_Party/FreeRTOS/Source/timers.o
                0x0800acac                xTimerCreateTimerTask
 .text.xTimerGenericCommand
                0x0800ad10       0x54 ./Middlewares/Third_Party/FreeRTOS/Source/timers.o
                0x0800ad10                xTimerGenericCommand
 .text.prvSampleTimeNow
                0x0800ad64       0xa4 ./Middlewares/Third_Party/FreeRTOS/Source/timers.o
 .text.prvTimerTask
                0x0800ae08      0x1cc ./Middlewares/Third_Party/FreeRTOS/Source/timers.o
 .text.prvPortStartFirstTask
                0x0800afd4       0x28 ./Middlewares/Third_Party/FreeRTOS/Source/portable/GCC/ARM_CM4F/port.o
 .text.vPortEnableVFP
                0x0800affc       0x14 ./Middlewares/Third_Party/FreeRTOS/Source/portable/GCC/ARM_CM4F/port.o
 .text.prvTaskExitError
                0x0800b010       0x40 ./Middlewares/Third_Party/FreeRTOS/Source/portable/GCC/ARM_CM4F/port.o
 .text.pxPortInitialiseStack
                0x0800b050       0x24 ./Middlewares/Third_Party/FreeRTOS/Source/portable/GCC/ARM_CM4F/port.o
                0x0800b050                pxPortInitialiseStack
 *fill*         0x0800b074        0xc 
 .text.SVC_Handler
                0x0800b080       0x24 ./Middlewares/Third_Party/FreeRTOS/Source/portable/GCC/ARM_CM4F/port.o
                0x0800b080                SVC_Handler
 .text.vPortEnterCritical
                0x0800b0a4       0x40 ./Middlewares/Third_Party/FreeRTOS/Source/portable/GCC/ARM_CM4F/port.o
                0x0800b0a4                vPortEnterCritical
 .text.vPortExitCritical
                0x0800b0e4       0x28 ./Middlewares/Third_Party/FreeRTOS/Source/portable/GCC/ARM_CM4F/port.o
                0x0800b0e4                vPortExitCritical
 *fill*         0x0800b10c        0x4 
 .text.PendSV_Handler
                0x0800b110       0x64 ./Middlewares/Third_Party/FreeRTOS/Source/portable/GCC/ARM_CM4F/port.o
                0x0800b110                PendSV_Handler
 .text.xPortSysTickHandler
                0x0800b174       0x2c ./Middlewares/Third_Party/FreeRTOS/Source/portable/GCC/ARM_CM4F/port.o
                0x0800b174                xPortSysTickHandler
 .text.vPortSetupTimerInterrupt
                0x0800b1a0       0x24 ./Middlewares/Third_Party/FreeRTOS/Source/portable/GCC/ARM_CM4F/port.o
                0x0800b1a0                vPortSetupTimerInterrupt
 .text.xPortStartScheduler
                0x0800b1c4      0x104 ./Middlewares/Third_Party/FreeRTOS/Source/portable/GCC/ARM_CM4F/port.o
                0x0800b1c4                xPortStartScheduler
 .text.vPortValidateInterruptPriority
                0x0800b2c8       0x5c ./Middlewares/Third_Party/FreeRTOS/Source/portable/GCC/ARM_CM4F/port.o
                0x0800b2c8                vPortValidateInterruptPriority
 .text.prvInsertBlockIntoFreeList
                0x0800b324       0x4c ./Middlewares/Third_Party/FreeRTOS/Source/portable/MemMang/heap_4.o
 .text.pvPortMalloc
                0x0800b370      0x130 ./Middlewares/Third_Party/FreeRTOS/Source/portable/MemMang/heap_4.o
                0x0800b370                pvPortMalloc
 .text.vPortFree
                0x0800b4a0       0x7c ./Middlewares/Third_Party/FreeRTOS/Source/portable/MemMang/heap_4.o
                0x0800b4a0                vPortFree
 .text.MX_X_CUBE_AI_Init
                0x0800b51c       0x74 ./X-CUBE-AI/App/app_x-cube-ai.o
                0x0800b51c                MX_X_CUBE_AI_Init
 .text.ai_strokes_get_error
                0x0800b590        0x4 ./X-CUBE-AI/App/strokes.o
                0x0800b590                ai_strokes_get_error
 .text.ai_strokes_create
                0x0800b594       0x1c ./X-CUBE-AI/App/strokes.o
                0x0800b594                ai_strokes_create
 .text.ai_strokes_inputs_get
                0x0800b5b0       0x14 ./X-CUBE-AI/App/strokes.o
                0x0800b5b0                ai_strokes_inputs_get
 .text.ai_strokes_outputs_get
                0x0800b5c4       0x14 ./X-CUBE-AI/App/strokes.o
                0x0800b5c4                ai_strokes_outputs_get
 .text.ai_strokes_init
                0x0800b5d8      0x1a4 ./X-CUBE-AI/App/strokes.o
                0x0800b5d8                ai_strokes_init
 .text.ai_strokes_create_and_init
                0x0800b77c       0x92 ./X-CUBE-AI/App/strokes.o
                0x0800b77c                ai_strokes_create_and_init
 .text.ai_strokes_run
                0x0800b80e        0x4 ./X-CUBE-AI/App/strokes.o
                0x0800b80e                ai_strokes_run
 *fill*         0x0800b812        0x2 
 .text.ai_strokes_data_activations_buffer_get
                0x0800b814       0x28 ./X-CUBE-AI/App/strokes_data.o
                0x0800b814                ai_strokes_data_activations_buffer_get
 .text.ai_strokes_data_weights_buffer_get
                0x0800b83c       0x28 ./X-CUBE-AI/App/strokes_data.o
                0x0800b83c                ai_strokes_data_weights_buffer_get
 .text.ai_strokes_data_weights_get
                0x0800b864        0x8 ./X-CUBE-AI/App/strokes_data.o
                0x0800b864                ai_strokes_data_weights_get
 .text.ai_strokes_data_params_get
                0x0800b86c       0x30 ./X-CUBE-AI/App/strokes_data.o
                0x0800b86c                ai_strokes_data_params_get
 .text.ai_buffer_get_size
                0x0800b89c       0x68 ../Middlewares/ST/AI/Lib\NetworkRuntime900_CM7_GCC.a(ai_platform.o)
                0x0800b89c                ai_buffer_get_size
 .text.ai_buffer_array_sane
                0x0800b904       0x14 ../Middlewares/ST/AI/Lib\NetworkRuntime900_CM7_GCC.a(ai_platform.o)
                0x0800b904                ai_buffer_array_sane
 .text.ai_buffer_array_item_set_address
                0x0800b918       0x20 ../Middlewares/ST/AI/Lib\NetworkRuntime900_CM7_GCC.a(ai_platform.o)
                0x0800b918                ai_buffer_array_item_set_address
 .text.ai_platform_get_weights_map
                0x0800b938       0xb0 ../Middlewares/ST/AI/Lib\NetworkRuntime900_CM7_GCC.a(ai_platform_interface.o)
                0x0800b938                ai_platform_get_weights_map
 .text.ai_platform_get_activations_map
                0x0800b9e8       0xb0 ../Middlewares/ST/AI/Lib\NetworkRuntime900_CM7_GCC.a(ai_platform_interface.o)
                0x0800b9e8                ai_platform_get_activations_map
 .text.ai_platform_bind_network_params
                0x0800ba98       0x34 ../Middlewares/ST/AI/Lib\NetworkRuntime900_CM7_GCC.a(ai_platform_interface.o)
                0x0800ba98                ai_platform_bind_network_params
 .text.ai_platform_network_get_error
                0x0800bacc       0x18 ../Middlewares/ST/AI/Lib\NetworkRuntime900_CM7_GCC.a(ai_platform_interface.o)
                0x0800bacc                ai_platform_network_get_error
 .text.ai_platform_network_set_error
                0x0800bae4        0xc ../Middlewares/ST/AI/Lib\NetworkRuntime900_CM7_GCC.a(ai_platform_interface.o)
                0x0800bae4                ai_platform_network_set_error
 .text.ai_platform_inputs_get
                0x0800baf0       0xf0 ../Middlewares/ST/AI/Lib\NetworkRuntime900_CM7_GCC.a(ai_platform_interface.o)
                0x0800baf0                ai_platform_inputs_get
 .text.ai_platform_outputs_get
                0x0800bbe0       0xec ../Middlewares/ST/AI/Lib\NetworkRuntime900_CM7_GCC.a(ai_platform_interface.o)
                0x0800bbe0                ai_platform_outputs_get
 .text.ai_platform_network_create
                0x0800bccc       0x84 ../Middlewares/ST/AI/Lib\NetworkRuntime900_CM7_GCC.a(ai_platform_interface.o)
                0x0800bccc                ai_platform_network_create
 .text.ai_platform_network_init
                0x0800bd50      0x180 ../Middlewares/ST/AI/Lib\NetworkRuntime900_CM7_GCC.a(ai_platform_interface.o)
                0x0800bd50                ai_platform_network_init
 .text.ai_platform_network_post_init
                0x0800bed0       0x60 ../Middlewares/ST/AI/Lib\NetworkRuntime900_CM7_GCC.a(ai_platform_interface.o)
                0x0800bed0                ai_platform_network_post_init
 .text.ai_platform_network_process
                0x0800bf30      0x48c ../Middlewares/ST/AI/Lib\NetworkRuntime900_CM7_GCC.a(ai_platform_interface.o)
                0x0800bf30                ai_platform_network_process
 .text.core_init
                0x0800c3bc        0x4 ../Middlewares/ST/AI/Lib\NetworkRuntime900_CM7_GCC.a(core_common.o)
                0x0800c3bc                core_init
 .text.core_get_error
                0x0800c3c0        0xc ../Middlewares/ST/AI/Lib\NetworkRuntime900_CM7_GCC.a(core_common.o)
                0x0800c3c0                core_get_error
 .text.core_set_error
                0x0800c3cc       0x18 ../Middlewares/ST/AI/Lib\NetworkRuntime900_CM7_GCC.a(core_common.o)
                0x0800c3cc                core_set_error
 .text.ai_check_custom_types
                0x0800c3e4       0x50 ../Middlewares/ST/AI/Lib\NetworkRuntime900_CM7_GCC.a(layers.o)
                0x0800c3e4                ai_check_custom_types
 .text.ai_layers_init_all
                0x0800c434       0x1c ../Middlewares/ST/AI/Lib\NetworkRuntime900_CM7_GCC.a(layers.o)
                0x0800c434                ai_layers_init_all
 .text.ai_layers_post_init_all
                0x0800c450       0x28 ../Middlewares/ST/AI/Lib\NetworkRuntime900_CM7_GCC.a(layers.o)
                0x0800c450                ai_layers_post_init_all
 .text.ai_layers_forward_all
                0x0800c478       0x90 ../Middlewares/ST/AI/Lib\NetworkRuntime900_CM7_GCC.a(layers.o)
                0x0800c478                ai_layers_forward_all
 .text.forward_conv2d_if32of32wf32
                0x0800c508      0x278 ../Middlewares/ST/AI/Lib\NetworkRuntime900_CM7_GCC.a(layers_conv2d_generic_float.o)
                0x0800c508                forward_conv2d_if32of32wf32
 .text.forward_dense
                0x0800c780      0x3dc ../Middlewares/ST/AI/Lib\NetworkRuntime900_CM7_GCC.a(layers_conv2d_generic_float.o)
                0x0800c780                forward_dense
 .text.forward_relu
                0x0800cb5c      0x12c ../Middlewares/ST/AI/Lib\NetworkRuntime900_CM7_GCC.a(layers_nl_generic_float.o)
                0x0800cb5c                forward_relu
 .text.forward_sm
                0x0800cc88       0x78 ../Middlewares/ST/AI/Lib\NetworkRuntime900_CM7_GCC.a(layers_nl_generic_float.o)
                0x0800cc88                forward_sm
 .text.forward_mp
                0x0800cd00      0x194 ../Middlewares/ST/AI/Lib\NetworkRuntime900_CM7_GCC.a(layers_pool_generic_float.o)
                0x0800cd00                forward_mp
 .text.forward_ap
                0x0800ce94      0x21c ../Middlewares/ST/AI/Lib\NetworkRuntime900_CM7_GCC.a(layers_pool_generic_float.o)
                0x0800ce94                forward_ap
 .text.ai_conv2d_kernel_simple_opt_f32.constprop.0
                0x0800d0b0      0x22c ../Middlewares/ST/AI/Lib\NetworkRuntime900_CM7_GCC.a(forward_lite_conv2d_if32of32wf32.o)
 .text.forward_lite_conv2d_if32of32wf32
                0x0800d2dc      0x2b8 ../Middlewares/ST/AI/Lib\NetworkRuntime900_CM7_GCC.a(forward_lite_conv2d_if32of32wf32.o)
                0x0800d2dc                forward_lite_conv2d_if32of32wf32
 .text.forward_lite_nl_softmax_if32of32_kernel
                0x0800d594       0x88 ../Middlewares/ST/AI/Lib\NetworkRuntime900_CM7_GCC.a(lite_nl_softmax_if32of32.o)
                0x0800d594                forward_lite_nl_softmax_if32of32_kernel
 .text.forward_lite_nl_relu_generic_if32of32_kernel
                0x0800d61c      0x10c ../Middlewares/ST/AI/Lib\NetworkRuntime900_CM7_GCC.a(lite_nl_relu_if32of32.o)
                0x0800d61c                forward_lite_nl_relu_generic_if32of32_kernel
 .text.forward_lite_dense_if32of32wf32
                0x0800d728      0x2bc ../Middlewares/ST/AI/Lib\NetworkRuntime900_CM7_GCC.a(lite_dense_if32.o)
                0x0800d728                forward_lite_dense_if32of32wf32
 .text.st_int8_copy
                0x0800d9e4      0x110 ../Middlewares/ST/AI/Lib\NetworkRuntime900_CM7_GCC.a(st_int8_fill.o)
                0x0800d9e4                st_int8_copy
 .text.ai_array_to_buffer_fmt
                0x0800daf4       0xe0 ../Middlewares/ST/AI/Lib\NetworkRuntime900_CM7_GCC.a(ai_datatypes_format.o)
                0x0800daf4                ai_array_to_buffer_fmt
 .text.ai_array_get_byte_size
                0x0800dbd4       0x50 ../Middlewares/ST/AI/Lib\NetworkRuntime900_CM7_GCC.a(ai_datatypes_format.o)
                0x0800dbd4                ai_array_get_byte_size
 .text.ai_array_get_data_byte_size
                0x0800dc24       0x24 ../Middlewares/ST/AI/Lib\NetworkRuntime900_CM7_GCC.a(ai_datatypes_format.o)
                0x0800dc24                ai_array_get_data_byte_size
 .text.ai_version_get
                0x0800dc48        0xc ../Middlewares/ST/AI/Lib\NetworkRuntime900_CM7_GCC.a(ai_datatypes_internal.o)
                0x0800dc48                ai_version_get
 .text.get_tensor_byte_size
                0x0800dc54       0x2c ../Middlewares/ST/AI/Lib\NetworkRuntime900_CM7_GCC.a(ai_datatypes_internal.o)
                0x0800dc54                get_tensor_byte_size
 .text.sbrk_aligned
                0x0800dc80       0x44 C:/ST/STM32CubeIDE_1.16.1/STM32CubeIDE/plugins/com.st.stm32cube.ide.mcu.externaltools.gnu-tools-for-stm32.12.3.rel1.win32_1.0.200.202406191623/tools/bin/../lib/gcc/arm-none-eabi/12.3.1/../../../../arm-none-eabi/lib/thumb/v7e-m+dp/hard\libc_nano.a(libc_a-mallocr.o)
 .text._malloc_r
                0x0800dcc4      0x100 C:/ST/STM32CubeIDE_1.16.1/STM32CubeIDE/plugins/com.st.stm32cube.ide.mcu.externaltools.gnu-tools-for-stm32.12.3.rel1.win32_1.0.200.202406191623/tools/bin/../lib/gcc/arm-none-eabi/12.3.1/../../../../arm-none-eabi/lib/thumb/v7e-m+dp/hard\libc_nano.a(libc_a-mallocr.o)
                0x0800dcc4                _malloc_r
 .text.__malloc_lock
                0x0800ddc4        0xc C:/ST/STM32CubeIDE_1.16.1/STM32CubeIDE/plugins/com.st.stm32cube.ide.mcu.externaltools.gnu-tools-for-stm32.12.3.rel1.win32_1.0.200.202406191623/tools/bin/../lib/gcc/arm-none-eabi/12.3.1/../../../../arm-none-eabi/lib/thumb/v7e-m+dp/hard\libc_nano.a(libc_a-mlock.o)
                0x0800ddc4                __malloc_lock
 .text.__malloc_unlock
                0x0800ddd0        0xc C:/ST/STM32CubeIDE_1.16.1/STM32CubeIDE/plugins/com.st.stm32cube.ide.mcu.externaltools.gnu-tools-for-stm32.12.3.rel1.win32_1.0.200.202406191623/tools/bin/../lib/gcc/arm-none-eabi/12.3.1/../../../../arm-none-eabi/lib/thumb/v7e-m+dp/hard\libc_nano.a(libc_a-mlock.o)
                0x0800ddd0                __malloc_unlock
 .text._realloc_r
                0x0800dddc       0x5c C:/ST/STM32CubeIDE_1.16.1/STM32CubeIDE/plugins/com.st.stm32cube.ide.mcu.externaltools.gnu-tools-for-stm32.12.3.rel1.win32_1.0.200.202406191623/tools/bin/../lib/gcc/arm-none-eabi/12.3.1/../../../../arm-none-eabi/lib/thumb/v7e-m+dp/hard\libc_nano.a(libc_a-reallocr.o)
                0x0800dddc                _realloc_r
 .text.std      0x0800de38       0x6c C:/ST/STM32CubeIDE_1.16.1/STM32CubeIDE/plugins/com.st.stm32cube.ide.mcu.externaltools.gnu-tools-for-stm32.12.3.rel1.win32_1.0.200.202406191623/tools/bin/../lib/gcc/arm-none-eabi/12.3.1/../../../../arm-none-eabi/lib/thumb/v7e-m+dp/hard\libc_nano.a(libc_a-findfp.o)
 .text.stdio_exit_handler
                0x0800dea4       0x18 C:/ST/STM32CubeIDE_1.16.1/STM32CubeIDE/plugins/com.st.stm32cube.ide.mcu.externaltools.gnu-tools-for-stm32.12.3.rel1.win32_1.0.200.202406191623/tools/bin/../lib/gcc/arm-none-eabi/12.3.1/../../../../arm-none-eabi/lib/thumb/v7e-m+dp/hard\libc_nano.a(libc_a-findfp.o)
 .text.cleanup_stdio
                0x0800debc       0x40 C:/ST/STM32CubeIDE_1.16.1/STM32CubeIDE/plugins/com.st.stm32cube.ide.mcu.externaltools.gnu-tools-for-stm32.12.3.rel1.win32_1.0.200.202406191623/tools/bin/../lib/gcc/arm-none-eabi/12.3.1/../../../../arm-none-eabi/lib/thumb/v7e-m+dp/hard\libc_nano.a(libc_a-findfp.o)
 .text.global_stdio_init.part.0
                0x0800defc       0x3c C:/ST/STM32CubeIDE_1.16.1/STM32CubeIDE/plugins/com.st.stm32cube.ide.mcu.externaltools.gnu-tools-for-stm32.12.3.rel1.win32_1.0.200.202406191623/tools/bin/../lib/gcc/arm-none-eabi/12.3.1/../../../../arm-none-eabi/lib/thumb/v7e-m+dp/hard\libc_nano.a(libc_a-findfp.o)
 .text.__sfp_lock_acquire
                0x0800df38        0xc C:/ST/STM32CubeIDE_1.16.1/STM32CubeIDE/plugins/com.st.stm32cube.ide.mcu.externaltools.gnu-tools-for-stm32.12.3.rel1.win32_1.0.200.202406191623/tools/bin/../lib/gcc/arm-none-eabi/12.3.1/../../../../arm-none-eabi/lib/thumb/v7e-m+dp/hard\libc_nano.a(libc_a-findfp.o)
                0x0800df38                __sfp_lock_acquire
 .text.__sfp_lock_release
                0x0800df44        0xc C:/ST/STM32CubeIDE_1.16.1/STM32CubeIDE/plugins/com.st.stm32cube.ide.mcu.externaltools.gnu-tools-for-stm32.12.3.rel1.win32_1.0.200.202406191623/tools/bin/../lib/gcc/arm-none-eabi/12.3.1/../../../../arm-none-eabi/lib/thumb/v7e-m+dp/hard\libc_nano.a(libc_a-findfp.o)
                0x0800df44                __sfp_lock_release
 .text.__sinit  0x0800df50       0x30 C:/ST/STM32CubeIDE_1.16.1/STM32CubeIDE/plugins/com.st.stm32cube.ide.mcu.externaltools.gnu-tools-for-stm32.12.3.rel1.win32_1.0.200.202406191623/tools/bin/../lib/gcc/arm-none-eabi/12.3.1/../../../../arm-none-eabi/lib/thumb/v7e-m+dp/hard\libc_nano.a(libc_a-findfp.o)
                0x0800df50                __sinit
 .text._fwalk_sglue
                0x0800df80       0x3c C:/ST/STM32CubeIDE_1.16.1/STM32CubeIDE/plugins/com.st.stm32cube.ide.mcu.externaltools.gnu-tools-for-stm32.12.3.rel1.win32_1.0.200.202406191623/tools/bin/../lib/gcc/arm-none-eabi/12.3.1/../../../../arm-none-eabi/lib/thumb/v7e-m+dp/hard\libc_nano.a(libc_a-fwalk.o)
                0x0800df80                _fwalk_sglue
 .text.printf   0x0800dfbc       0x24 C:/ST/STM32CubeIDE_1.16.1/STM32CubeIDE/plugins/com.st.stm32cube.ide.mcu.externaltools.gnu-tools-for-stm32.12.3.rel1.win32_1.0.200.202406191623/tools/bin/../lib/gcc/arm-none-eabi/12.3.1/../../../../arm-none-eabi/lib/thumb/v7e-m+dp/hard\libc_nano.a(libc_a-printf.o)
                0x0800dfbc                iprintf
                0x0800dfbc                printf
 .text._puts_r  0x0800dfe0       0xaa C:/ST/STM32CubeIDE_1.16.1/STM32CubeIDE/plugins/com.st.stm32cube.ide.mcu.externaltools.gnu-tools-for-stm32.12.3.rel1.win32_1.0.200.202406191623/tools/bin/../lib/gcc/arm-none-eabi/12.3.1/../../../../arm-none-eabi/lib/thumb/v7e-m+dp/hard\libc_nano.a(libc_a-puts.o)
                0x0800dfe0                _puts_r
 *fill*         0x0800e08a        0x2 
 .text.puts     0x0800e08c       0x10 C:/ST/STM32CubeIDE_1.16.1/STM32CubeIDE/plugins/com.st.stm32cube.ide.mcu.externaltools.gnu-tools-for-stm32.12.3.rel1.win32_1.0.200.202406191623/tools/bin/../lib/gcc/arm-none-eabi/12.3.1/../../../../arm-none-eabi/lib/thumb/v7e-m+dp/hard\libc_nano.a(libc_a-puts.o)
                0x0800e08c                puts
 .text.sprintf  0x0800e09c       0x40 C:/ST/STM32CubeIDE_1.16.1/STM32CubeIDE/plugins/com.st.stm32cube.ide.mcu.externaltools.gnu-tools-for-stm32.12.3.rel1.win32_1.0.200.202406191623/tools/bin/../lib/gcc/arm-none-eabi/12.3.1/../../../../arm-none-eabi/lib/thumb/v7e-m+dp/hard\libc_nano.a(libc_a-sprintf.o)
                0x0800e09c                siprintf
                0x0800e09c                sprintf
 .text.__sread  0x0800e0dc       0x22 C:/ST/STM32CubeIDE_1.16.1/STM32CubeIDE/plugins/com.st.stm32cube.ide.mcu.externaltools.gnu-tools-for-stm32.12.3.rel1.win32_1.0.200.202406191623/tools/bin/../lib/gcc/arm-none-eabi/12.3.1/../../../../arm-none-eabi/lib/thumb/v7e-m+dp/hard\libc_nano.a(libc_a-stdio.o)
                0x0800e0dc                __sread
 .text.__swrite
                0x0800e0fe       0x38 C:/ST/STM32CubeIDE_1.16.1/STM32CubeIDE/plugins/com.st.stm32cube.ide.mcu.externaltools.gnu-tools-for-stm32.12.3.rel1.win32_1.0.200.202406191623/tools/bin/../lib/gcc/arm-none-eabi/12.3.1/../../../../arm-none-eabi/lib/thumb/v7e-m+dp/hard\libc_nano.a(libc_a-stdio.o)
                0x0800e0fe                __swrite
 .text.__sseek  0x0800e136       0x24 C:/ST/STM32CubeIDE_1.16.1/STM32CubeIDE/plugins/com.st.stm32cube.ide.mcu.externaltools.gnu-tools-for-stm32.12.3.rel1.win32_1.0.200.202406191623/tools/bin/../lib/gcc/arm-none-eabi/12.3.1/../../../../arm-none-eabi/lib/thumb/v7e-m+dp/hard\libc_nano.a(libc_a-stdio.o)
                0x0800e136                __sseek
 .text.__sclose
                0x0800e15a        0x8 C:/ST/STM32CubeIDE_1.16.1/STM32CubeIDE/plugins/com.st.stm32cube.ide.mcu.externaltools.gnu-tools-for-stm32.12.3.rel1.win32_1.0.200.202406191623/tools/bin/../lib/gcc/arm-none-eabi/12.3.1/../../../../arm-none-eabi/lib/thumb/v7e-m+dp/hard\libc_nano.a(libc_a-stdio.o)
                0x0800e15a                __sclose
 .text.__swbuf_r